Archive member included to satisfy reference by file (symbol)

D:\文件\MakeNtu\output\core\core.a(wiring_digital.c.o)
                              D:\文件\MakeNtu\output\libraries\LiquidCrystal\LiquidCrystal.cpp.o (pinMode)
D:\文件\MakeNtu\output\core\core.a(wiring_time.c.o)
                              D:\文件\MakeNtu\output\sketch\STM32Main.ino.cpp.o (delay)
D:\文件\MakeNtu\output\core\core.a(HardwareSerial.cpp.o)
                              D:\文件\MakeNtu\output\sketch\STM32Main.ino.cpp.o (HardwareSerial::available())
D:\文件\MakeNtu\output\core\core.a(HardwareTimer.cpp.o)
                              D:\文件\MakeNtu\output\libraries\Servo\stm32\Servo.cpp.o (HardwareTimer::pause())
D:\文件\MakeNtu\output\core\core.a(Print.cpp.o)
                              D:\文件\MakeNtu\output\libraries\LiquidCrystal\LiquidCrystal.cpp.o (Print::write(unsigned char const*, unsigned int))
D:\文件\MakeNtu\output\core\core.a(Stream.cpp.o)
                              D:\文件\MakeNtu\output\core\core.a(HardwareSerial.cpp.o) (Stream::readBytes(char*, unsigned int))
D:\文件\MakeNtu\output\core\core.a(WMath.cpp.o)
                              D:\文件\MakeNtu\output\libraries\Servo\stm32\Servo.cpp.o (map(long, long, long, long, long))
D:\文件\MakeNtu\output\core\core.a(WString.cpp.o)
                              D:\文件\MakeNtu\output\core\core.a(Stream.cpp.o) (String::String(char const*))
D:\文件\MakeNtu\output\core\core.a(abi.cpp.o)
                              D:\文件\MakeNtu\output\core\core.a(Print.cpp.o) (__cxa_pure_virtual)
D:\文件\MakeNtu\output\core\core.a(main.cpp.o)
                              c:/users/cmsma/appdata/local/arduino15/packages/stmicroelectronics/tools/xpack-arm-none-eabi-gcc/9.3.1-1.3/bin/../lib/gcc/arm-none-eabi/9.3.1/../../../../arm-none-eabi/lib/thumb/v7-m/nofp/crt0.o (main)
D:\文件\MakeNtu\output\core\core.a(new.cpp.o)
                              D:\文件\MakeNtu\output\sketch\STM32Main.ino.cpp.o (operator new(unsigned int))
D:\文件\MakeNtu\output\core\core.a(dtostrf.c.o)
                              D:\文件\MakeNtu\output\core\core.a(WString.cpp.o) (dtostrf)
D:\文件\MakeNtu\output\core\core.a(board.c.o)
                              D:\文件\MakeNtu\output\core\core.a(main.cpp.o) (init)
D:\文件\MakeNtu\output\core\core.a(hooks.c.o)
                              D:\文件\MakeNtu\output\core\core.a(wiring_time.c.o) (yield)
D:\文件\MakeNtu\output\core\core.a(itoa.c.o)
                              D:\文件\MakeNtu\output\core\core.a(WString.cpp.o) (ltoa)
D:\文件\MakeNtu\output\core\core.a(pins_arduino.c.o)
                              D:\文件\MakeNtu\output\core\core.a(HardwareTimer.cpp.o) (pinNametoDigitalPin)
D:\文件\MakeNtu\output\core\core.a(wiring_analog.c.o)
                              D:\文件\MakeNtu\output\core\core.a(wiring_digital.c.o) (g_anOutputPinConfigured)
D:\文件\MakeNtu\output\core\core.a(WSerial.cpp.o)
                              D:\文件\MakeNtu\output\core\core.a(main.cpp.o) (serialEventRun())
c:/users/cmsma/appdata/local/arduino15/packages/stmicroelectronics/tools/xpack-arm-none-eabi-gcc/9.3.1-1.3/bin/../lib/gcc/arm-none-eabi/9.3.1/../../../../arm-none-eabi/lib/thumb/v7-m/nofp\libc_nano.a(lib_a-atof.o)
                              D:\文件\MakeNtu\output\core\core.a(WString.cpp.o) (atof)
c:/users/cmsma/appdata/local/arduino15/packages/stmicroelectronics/tools/xpack-arm-none-eabi-gcc/9.3.1-1.3/bin/../lib/gcc/arm-none-eabi/9.3.1/../../../../arm-none-eabi/lib/thumb/v7-m/nofp\libc_nano.a(lib_a-atol.o)
                              D:\文件\MakeNtu\output\core\core.a(WString.cpp.o) (atol)
c:/users/cmsma/appdata/local/arduino15/packages/stmicroelectronics/tools/xpack-arm-none-eabi-gcc/9.3.1-1.3/bin/../lib/gcc/arm-none-eabi/9.3.1/../../../../arm-none-eabi/lib/thumb/v7-m/nofp\libc_nano.a(lib_a-exit.o)
                              c:/users/cmsma/appdata/local/arduino15/packages/stmicroelectronics/tools/xpack-arm-none-eabi-gcc/9.3.1-1.3/bin/../lib/gcc/arm-none-eabi/9.3.1/../../../../arm-none-eabi/lib/thumb/v7-m/nofp/crt0.o (exit)
c:/users/cmsma/appdata/local/arduino15/packages/stmicroelectronics/tools/xpack-arm-none-eabi-gcc/9.3.1-1.3/bin/../lib/gcc/arm-none-eabi/9.3.1/../../../../arm-none-eabi/lib/thumb/v7-m/nofp\libc_nano.a(lib_a-impure.o)
                              c:/users/cmsma/appdata/local/arduino15/packages/stmicroelectronics/tools/xpack-arm-none-eabi-gcc/9.3.1-1.3/bin/../lib/gcc/arm-none-eabi/9.3.1/../../../../arm-none-eabi/lib/thumb/v7-m/nofp\libc_nano.a(lib_a-exit.o) (_global_impure_ptr)
c:/users/cmsma/appdata/local/arduino15/packages/stmicroelectronics/tools/xpack-arm-none-eabi-gcc/9.3.1-1.3/bin/../lib/gcc/arm-none-eabi/9.3.1/../../../../arm-none-eabi/lib/thumb/v7-m/nofp\libc_nano.a(lib_a-init.o)
                              c:/users/cmsma/appdata/local/arduino15/packages/stmicroelectronics/tools/xpack-arm-none-eabi-gcc/9.3.1-1.3/bin/../lib/gcc/arm-none-eabi/9.3.1/../../../../arm-none-eabi/lib/thumb/v7-m/nofp/crt0.o (__libc_init_array)
[...]
Memory Configuration

Name             Origin             Length             Attributes
*default*        0x00000000         0xffffffff
RAM              0x20000000         0x00005000         xrw
FLASH            0x08000000         0x00010000         xr

Linker script and memory map

LOAD C:\Users\cmsma\AppData\Local\Arduino15\packages\STMicroelectronics\tools\CMSIS\5.7.0/CMSIS/DSP/Lib/GCC/\libarm_cortexM3l_math.a
START GROUP
LOAD D:\文件\MakeNtu\output\sketch\STM32Main.ino.cpp.o
LOAD D:\文件\MakeNtu\output\sketch\SrcWrapper.cpp.o
LOAD D:\文件\MakeNtu\output\libraries\LiquidCrystal\LiquidCrystal.cpp.o
LOAD D:\文件\MakeNtu\output\libraries\Servo\stm32\Servo.cpp.o
LOAD D:\文件\MakeNtu\output\libraries\SrcWrapper\syscalls.c.o
LOAD D:\文件\MakeNtu\output\libraries\SrcWrapper\HAL\stm32yyxx_hal.c.o
LOAD D:\文件\MakeNtu\output\libraries\SrcWrapper\HAL\stm32yyxx_hal_adc.c.o
LOAD D:\文件\MakeNtu\output\libraries\SrcWrapper\HAL\stm32yyxx_hal_adc_ex.c.o
LOAD D:\文件\MakeNtu\output\libraries\SrcWrapper\HAL\stm32yyxx_hal_can.c.o
LOAD D:\文件\MakeNtu\output\libraries\SrcWrapper\HAL\stm32yyxx_hal_cec.c.o
LOAD D:\文件\MakeNtu\output\libraries\SrcWrapper\HAL\stm32yyxx_hal_comp.c.o
LOAD D:\文件\MakeNtu\output\libraries\SrcWrapper\HAL\stm32yyxx_hal_comp_ex.c.o
LOAD D:\文件\MakeNtu\output\libraries\SrcWrapper\HAL\stm32yyxx_hal_cordic.c.o
LOAD D:\文件\MakeNtu\output\libraries\SrcWrapper\HAL\stm32yyxx_hal_cortex.c.o
LOAD D:\文件\MakeNtu\output\libraries\SrcWrapper\HAL\stm32yyxx_hal_crc.c.o
LOAD D:\文件\MakeNtu\output\libraries\SrcWrapper\HAL\stm32yyxx_hal_crc_ex.c.o
LOAD D:\文件\MakeNtu\output\libraries\SrcWrapper\HAL\stm32yyxx_hal_cryp.c.o
LOAD D:\文件\MakeNtu\output\libraries\SrcWrapper\HAL\stm32yyxx_hal_cryp_ex.c.o
LOAD D:\文件\MakeNtu\output\libraries\SrcWrapper\HAL\stm32yyxx_hal_dac.c.o
LOAD D:\文件\MakeNtu\output\libraries\SrcWrapper\HAL\stm32yyxx_hal_dac_ex.c.o
LOAD D:\文件\MakeNtu\output\libraries\SrcWrapper\HAL\stm32yyxx_hal_dcmi.c.o
LOAD D:\文件\MakeNtu\output\libraries\SrcWrapper\HAL\stm32yyxx_hal_dcmi_ex.c.o
LOAD D:\文件\MakeNtu\output\libraries\SrcWrapper\HAL\stm32yyxx_hal_dfsdm.c.o
LOAD D:\文件\MakeNtu\output\libraries\SrcWrapper\HAL\stm32yyxx_hal_dfsdm_ex.c.o
LOAD D:\文件\MakeNtu\output\libraries\SrcWrapper\HAL\stm32yyxx_hal_dma.c.o
LOAD D:\文件\MakeNtu\output\libraries\SrcWrapper\HAL\stm32yyxx_hal_dma2d.c.o
LOAD D:\文件\MakeNtu\output\libraries\SrcWrapper\HAL\stm32yyxx_hal_dma_ex.c.o
LOAD D:\文件\MakeNtu\output\libraries\SrcWrapper\HAL\stm32yyxx_hal_dsi.c.o
LOAD D:\文件\MakeNtu\output\libraries\SrcWrapper\HAL\stm32yyxx_hal_dts.c.o
LOAD D:\文件\MakeNtu\output\libraries\SrcWrapper\HAL\stm32yyxx_hal_eth.c.o
LOAD D:\文件\MakeNtu\output\libraries\SrcWrapper\HAL\stm32yyxx_hal_eth_ex.c.o
LOAD D:\文件\MakeNtu\output\libraries\SrcWrapper\HAL\stm32yyxx_hal_exti.c.o
LOAD D:\文件\MakeNtu\output\libraries\SrcWrapper\HAL\stm32yyxx_hal_fdcan.c.o
LOAD D:\文件\MakeNtu\output\libraries\SrcWrapper\HAL\stm32yyxx_hal_firewall.c.o
LOAD D:\文件\MakeNtu\output\libraries\SrcWrapper\HAL\stm32yyxx_hal_flash.c.o
LOAD D:\文件\MakeNtu\output\libraries\SrcWrapper\HAL\stm32yyxx_hal_flash_ex.c.o
LOAD D:\文件\MakeNtu\output\libraries\SrcWrapper\HAL\stm32yyxx_hal_flash_ramfunc.c.o
LOAD D:\文件\MakeNtu\output\libraries\SrcWrapper\HAL\stm32yyxx_hal_fmac.c.o
LOAD D:\文件\MakeNtu\output\libraries\SrcWrapper\HAL\stm32yyxx_hal_fmpi2c.c.o
LOAD D:\文件\MakeNtu\output\libraries\SrcWrapper\HAL\stm32yyxx_hal_fmpi2c_ex.c.o
LOAD D:\文件\MakeNtu\output\libraries\SrcWrapper\HAL\stm32yyxx_hal_fmpsmbus.c.o
LOAD D:\文件\MakeNtu\output\libraries\SrcWrapper\HAL\stm32yyxx_hal_fmpsmbus_ex.c.o
LOAD D:\文件\MakeNtu\output\libraries\SrcWrapper\HAL\stm32yyxx_hal_gfxmmu.c.o
LOAD D:\文件\MakeNtu\output\libraries\SrcWrapper\HAL\stm32yyxx_hal_gpio.c.o
LOAD D:\文件\MakeNtu\output\libraries\SrcWrapper\HAL\stm32yyxx_hal_gpio_ex.c.o
LOAD D:\文件\MakeNtu\output\libraries\SrcWrapper\HAL\stm32yyxx_hal_gtzc.c.o
LOAD D:\文件\MakeNtu\output\libraries\SrcWrapper\HAL\stm32yyxx_hal_hash.c.o
LOAD D:\文件\MakeNtu\output\libraries\SrcWrapper\HAL\stm32yyxx_hal_hash_ex.c.o
LOAD D:\文件\MakeNtu\output\libraries\SrcWrapper\HAL\stm32yyxx_hal_hcd.c.o
LOAD D:\文件\MakeNtu\output\libraries\SrcWrapper\HAL\stm32yyxx_hal_hrtim.c.o
LOAD D:\文件\MakeNtu\output\libraries\SrcWrapper\HAL\stm32yyxx_hal_hsem.c.o
LOAD D:\文件\MakeNtu\output\libraries\SrcWrapper\HAL\stm32yyxx_hal_i2c.c.o
LOAD D:\文件\MakeNtu\output\libraries\SrcWrapper\HAL\stm32yyxx_hal_i2c_ex.c.o
LOAD D:\文件\MakeNtu\output\libraries\SrcWrapper\HAL\stm32yyxx_hal_i2s.c.o
LOAD D:\文件\MakeNtu\output\libraries\SrcWrapper\HAL\stm32yyxx_hal_i2s_ex.c.o
LOAD D:\文件\MakeNtu\output\libraries\SrcWrapper\HAL\stm32yyxx_hal_icache.c.o
LOAD D:\文件\MakeNtu\output\libraries\SrcWrapper\HAL\stm32yyxx_hal_ipcc.c.o
LOAD D:\文件\MakeNtu\output\libraries\SrcWrapper\HAL\stm32yyxx_hal_irda.c.o
LOAD D:\文件\MakeNtu\output\libraries\SrcWrapper\HAL\stm32yyxx_hal_iwdg.c.o
LOAD D:\文件\MakeNtu\output\libraries\SrcWrapper\HAL\stm32yyxx_hal_jpeg.c.o
LOAD D:\文件\MakeNtu\output\libraries\SrcWrapper\HAL\stm32yyxx_hal_lcd.c.o
LOAD D:\文件\MakeNtu\output\libraries\SrcWrapper\HAL\stm32yyxx_hal_lptim.c.o
LOAD D:\文件\MakeNtu\output\libraries\SrcWrapper\HAL\stm32yyxx_hal_ltdc.c.o
LOAD D:\文件\MakeNtu\output\libraries\SrcWrapper\HAL\stm32yyxx_hal_ltdc_ex.c.o
LOAD D:\文件\MakeNtu\output\libraries\SrcWrapper\HAL\stm32yyxx_hal_mdios.c.o
LOAD D:\文件\MakeNtu\output\libraries\SrcWrapper\HAL\stm32yyxx_hal_mdma.c.o
LOAD D:\文件\MakeNtu\output\libraries\SrcWrapper\HAL\stm32yyxx_hal_mmc.c.o
LOAD D:\文件\MakeNtu\output\libraries\SrcWrapper\HAL\stm32yyxx_hal_mmc_ex.c.o
LOAD D:\文件\MakeNtu\output\libraries\SrcWrapper\HAL\stm32yyxx_hal_nand.c.o
LOAD D:\文件\MakeNtu\output\libraries\SrcWrapper\HAL\stm32yyxx_hal_nor.c.o
LOAD D:\文件\MakeNtu\output\libraries\SrcWrapper\HAL\stm32yyxx_hal_opamp.c.o
LOAD D:\文件\MakeNtu\output\libraries\SrcWrapper\HAL\stm32yyxx_hal_opamp_ex.c.o
LOAD D:\文件\MakeNtu\output\libraries\SrcWrapper\HAL\stm32yyxx_hal_ospi.c.o
LOAD D:\文件\MakeNtu\output\libraries\SrcWrapper\HAL\stm32yyxx_hal_otfdec.c.o
LOAD D:\文件\MakeNtu\output\libraries\SrcWrapper\HAL\stm32yyxx_hal_pccard.c.o
LOAD D:\文件\MakeNtu\output\libraries\SrcWrapper\HAL\stm32yyxx_hal_pcd.c.o
LOAD D:\文件\MakeNtu\output\libraries\SrcWrapper\HAL\stm32yyxx_hal_pcd_ex.c.o
LOAD D:\文件\MakeNtu\output\libraries\SrcWrapper\HAL\stm32yyxx_hal_pka.c.o
LOAD D:\文件\MakeNtu\output\libraries\SrcWrapper\HAL\stm32yyxx_hal_pssi.c.o
LOAD D:\文件\MakeNtu\output\libraries\SrcWrapper\HAL\stm32yyxx_hal_pwr.c.o
LOAD D:\文件\MakeNtu\output\libraries\SrcWrapper\HAL\stm32yyxx_hal_pwr_ex.c.o
LOAD D:\文件\MakeNtu\output\libraries\SrcWrapper\HAL\stm32yyxx_hal_qspi.c.o
LOAD D:\文件\MakeNtu\output\libraries\SrcWrapper\HAL\stm32yyxx_hal_ramecc.c.o
LOAD D:\文件\MakeNtu\output\libraries\SrcWrapper\HAL\stm32yyxx_hal_rcc.c.o
LOAD D:\文件\MakeNtu\output\libraries\SrcWrapper\HAL\stm32yyxx_hal_rcc_ex.c.o
LOAD D:\文件\MakeNtu\output\libraries\SrcWrapper\HAL\stm32yyxx_hal_rng.c.o
LOAD D:\文件\MakeNtu\output\libraries\SrcWrapper\HAL\stm32yyxx_hal_rng_ex.c.o
LOAD D:\文件\MakeNtu\output\libraries\SrcWrapper\HAL\stm32yyxx_hal_rtc.c.o
LOAD D:\文件\MakeNtu\output\libraries\SrcWrapper\HAL\stm32yyxx_hal_rtc_ex.c.o
LOAD D:\文件\MakeNtu\output\libraries\SrcWrapper\HAL\stm32yyxx_hal_sai.c.o
LOAD D:\文件\MakeNtu\output\libraries\SrcWrapper\HAL\stm32yyxx_hal_sai_ex.c.o
LOAD D:\文件\MakeNtu\output\libraries\SrcWrapper\HAL\stm32yyxx_hal_sd.c.o
LOAD D:\文件\MakeNtu\output\libraries\SrcWrapper\HAL\stm32yyxx_hal_sd_ex.c.o
LOAD D:\文件\MakeNtu\output\libraries\SrcWrapper\HAL\stm32yyxx_hal_sdadc.c.o
LOAD D:\文件\MakeNtu\output\libraries\SrcWrapper\HAL\stm32yyxx_hal_sdram.c.o
LOAD D:\文件\MakeNtu\output\libraries\SrcWrapper\HAL\stm32yyxx_hal_smartcard.c.o
LOAD D:\文件\MakeNtu\output\libraries\SrcWrapper\HAL\stm32yyxx_hal_smartcard_ex.c.o
LOAD D:\文件\MakeNtu\output\libraries\SrcWrapper\HAL\stm32yyxx_hal_smbus.c.o
LOAD D:\文件\MakeNtu\output\libraries\SrcWrapper\HAL\stm32yyxx_hal_smbus_ex.c.o
LOAD D:\文件\MakeNtu\output\libraries\SrcWrapper\HAL\stm32yyxx_hal_spdifrx.c.o
LOAD D:\文件\MakeNtu\output\libraries\SrcWrapper\HAL\stm32yyxx_hal_spi.c.o
LOAD D:\文件\MakeNtu\output\libraries\SrcWrapper\HAL\stm32yyxx_hal_spi_ex.c.o
LOAD D:\文件\MakeNtu\output\libraries\SrcWrapper\HAL\stm32yyxx_hal_sram.c.o
LOAD D:\文件\MakeNtu\output\libraries\SrcWrapper\HAL\stm32yyxx_hal_swpmi.c.o
LOAD D:\文件\MakeNtu\output\libraries\SrcWrapper\HAL\stm32yyxx_hal_tim.c.o
LOAD D:\文件\MakeNtu\output\libraries\SrcWrapper\HAL\stm32yyxx_hal_tim_ex.c.o
LOAD D:\文件\MakeNtu\output\libraries\SrcWrapper\HAL\stm32yyxx_hal_tsc.c.o
LOAD D:\文件\MakeNtu\output\libraries\SrcWrapper\HAL\stm32yyxx_hal_uart.c.o
LOAD D:\文件\MakeNtu\output\libraries\SrcWrapper\HAL\stm32yyxx_hal_uart_ex.c.o
LOAD D:\文件\MakeNtu\output\libraries\SrcWrapper\HAL\stm32yyxx_hal_usart.c.o
LOAD D:\文件\MakeNtu\output\libraries\SrcWrapper\HAL\stm32yyxx_hal_usart_ex.c.o
LOAD D:\文件\MakeNtu\output\libraries\SrcWrapper\HAL\stm32yyxx_hal_wwdg.c.o
LOAD D:\文件\MakeNtu\output\libraries\SrcWrapper\LL\stm32yyxx_ll_adc.c.o
LOAD D:\文件\MakeNtu\output\libraries\SrcWrapper\LL\stm32yyxx_ll_bdma.c.o
LOAD D:\文件\MakeNtu\output\libraries\SrcWrapper\LL\stm32yyxx_ll_comp.c.o
LOAD D:\文件\MakeNtu\output\libraries\SrcWrapper\LL\stm32yyxx_ll_cordic.c.o
LOAD D:\文件\MakeNtu\output\libraries\SrcWrapper\LL\stm32yyxx_ll_crc.c.o
LOAD D:\文件\MakeNtu\output\libraries\SrcWrapper\LL\stm32yyxx_ll_crs.c.o
LOAD D:\文件\MakeNtu\output\libraries\SrcWrapper\LL\stm32yyxx_ll_dac.c.o
LOAD D:\文件\MakeNtu\output\libraries\SrcWrapper\LL\stm32yyxx_ll_delayblock.c.o
LOAD D:\文件\MakeNtu\output\libraries\SrcWrapper\LL\stm32yyxx_ll_dma.c.o
LOAD D:\文件\MakeNtu\output\libraries\SrcWrapper\LL\stm32yyxx_ll_dma2d.c.o
LOAD D:\文件\MakeNtu\output\libraries\SrcWrapper\LL\stm32yyxx_ll_exti.c.o
LOAD D:\文件\MakeNtu\output\libraries\SrcWrapper\LL\stm32yyxx_ll_fmac.c.o
LOAD D:\文件\MakeNtu\output\libraries\SrcWrapper\LL\stm32yyxx_ll_fmc.c.o
LOAD D:\文件\MakeNtu\output\libraries\SrcWrapper\LL\stm32yyxx_ll_fmpi2c.c.o
LOAD D:\文件\MakeNtu\output\libraries\SrcWrapper\LL\stm32yyxx_ll_fsmc.c.o
LOAD D:\文件\MakeNtu\output\libraries\SrcWrapper\LL\stm32yyxx_ll_gpio.c.o
LOAD D:\文件\MakeNtu\output\libraries\SrcWrapper\LL\stm32yyxx_ll_hrtim.c.o
LOAD D:\文件\MakeNtu\output\libraries\SrcWrapper\LL\stm32yyxx_ll_i2c.c.o
LOAD D:\文件\MakeNtu\output\libraries\SrcWrapper\LL\stm32yyxx_ll_icache.c.o
LOAD D:\文件\MakeNtu\output\libraries\SrcWrapper\LL\stm32yyxx_ll_lptim.c.o
LOAD D:\文件\MakeNtu\output\libraries\SrcWrapper\LL\stm32yyxx_ll_lpuart.c.o
LOAD D:\文件\MakeNtu\output\libraries\SrcWrapper\LL\stm32yyxx_ll_mdma.c.o
LOAD D:\文件\MakeNtu\output\libraries\SrcWrapper\LL\stm32yyxx_ll_opamp.c.o
LOAD D:\文件\MakeNtu\output\libraries\SrcWrapper\LL\stm32yyxx_ll_pka.c.o
LOAD D:\文件\MakeNtu\output\libraries\SrcWrapper\LL\stm32yyxx_ll_pwr.c.o
LOAD D:\文件\MakeNtu\output\libraries\SrcWrapper\LL\stm32yyxx_ll_rcc.c.o
LOAD D:\文件\MakeNtu\output\libraries\SrcWrapper\LL\stm32yyxx_ll_rng.c.o
LOAD D:\文件\MakeNtu\output\libraries\SrcWrapper\LL\stm32yyxx_ll_rtc.c.o
LOAD D:\文件\MakeNtu\output\libraries\SrcWrapper\LL\stm32yyxx_ll_sdmmc.c.o
LOAD D:\文件\MakeNtu\output\libraries\SrcWrapper\LL\stm32yyxx_ll_spi.c.o
LOAD D:\文件\MakeNtu\output\libraries\SrcWrapper\LL\stm32yyxx_ll_swpmi.c.o
LOAD D:\文件\MakeNtu\output\libraries\SrcWrapper\LL\stm32yyxx_ll_tim.c.o
LOAD D:\文件\MakeNtu\output\libraries\SrcWrapper\LL\stm32yyxx_ll_ucpd.c.o
LOAD D:\文件\MakeNtu\output\libraries\SrcWrapper\LL\stm32yyxx_ll_usart.c.o
LOAD D:\文件\MakeNtu\output\libraries\SrcWrapper\LL\stm32yyxx_ll_usb.c.o
LOAD D:\文件\MakeNtu\output\libraries\SrcWrapper\LL\stm32yyxx_ll_utils.c.o
LOAD D:\文件\MakeNtu\output\libraries\SrcWrapper\stm32\PortNames.c.o
LOAD D:\文件\MakeNtu\output\libraries\SrcWrapper\stm32\bootloader.c.o
LOAD D:\文件\MakeNtu\output\libraries\SrcWrapper\stm32\clock.c.o
LOAD D:\文件\MakeNtu\output\libraries\SrcWrapper\stm32\core_callback.c.o
LOAD D:\文件\MakeNtu\output\libraries\SrcWrapper\stm32\dwt.c.o
LOAD D:\文件\MakeNtu\output\libraries\SrcWrapper\stm32\hw_config.c.o
LOAD D:\文件\MakeNtu\output\libraries\SrcWrapper\stm32\otp.c.o
LOAD D:\文件\MakeNtu\output\libraries\SrcWrapper\stm32\pinmap.c.o
LOAD D:\文件\MakeNtu\output\libraries\SrcWrapper\stm32\stm32_def.c.o
LOAD D:\文件\MakeNtu\output\libraries\SrcWrapper\stm32\system_stm32yyxx.c.o
LOAD D:\文件\MakeNtu\output\libraries\SrcWrapper\stm32\timer.c.o
LOAD D:\文件\MakeNtu\output\libraries\SrcWrapper\stm32\uart.c.o
LOAD D:\文件\MakeNtu\output\libraries\SrcWrapper\stm32\analog.cpp.o
LOAD D:\文件\MakeNtu\output\libraries\SrcWrapper\stm32\interrupt.cpp.o
LOAD D:\文件\MakeNtu\output\core\startup_M200_f103xb.S.o
LOAD D:\文件\MakeNtu\output\core\PeripheralPins.c.o
LOAD D:\文件\MakeNtu\output\core\PeripheralPins_MALYANM200_F103CB.c.o
LOAD D:\文件\MakeNtu\output\core\generic_clock.c.o
LOAD D:\文件\MakeNtu\output\core\variant_AFROFLIGHT_F103CB.cpp.o
LOAD D:\文件\MakeNtu\output\core\variant_MALYANM200_F103CB.cpp.o
LOAD D:\文件\MakeNtu\output\core\variant_MAPLEMINI_F103CB.cpp.o
LOAD D:\文件\MakeNtu\output\core\variant_PILL_F103Cx.cpp.o
LOAD D:\文件\MakeNtu\output\core\variant_generic.cpp.o
LOAD D:\文件\MakeNtu\output\core\core.a
LOAD c:/users/cmsma/appdata/local/arduino15/packages/stmicroelectronics/tools/xpack-arm-none-eabi-gcc/9.3.1-1.3/bin/../lib/gcc/arm-none-eabi/9.3.1/../../../../arm-none-eabi/lib/thumb/v7-m/nofp\libc_nano.a
END GROUP
LOAD c:/users/cmsma/appdata/local/arduino15/packages/stmicroelectronics/tools/xpack-arm-none-eabi-gcc/9.3.1-1.3/bin/../lib/gcc/arm-none-eabi/9.3.1/../../../../arm-none-eabi/lib/thumb/v7-m/nofp\libm.a
LOAD c:/users/cmsma/appdata/local/arduino15/packages/stmicroelectronics/tools/xpack-arm-none-eabi-gcc/9.3.1-1.3/bin/../lib/gcc/arm-none-eabi/9.3.1/thumb/v7-m/nofp\libgcc.a
LOAD c:/users/cmsma/appdata/local/arduino15/packages/stmicroelectronics/tools/xpack-arm-none-eabi-gcc/9.3.1-1.3/bin/../lib/gcc/arm-none-eabi/9.3.1/../../../../arm-none-eabi/lib/thumb/v7-m/nofp\libstdc++_nano.a
START GROUP
LOAD c:/users/cmsma/appdata/local/arduino15/packages/stmicroelectronics/tools/xpack-arm-none-eabi-gcc/9.3.1-1.3/bin/../lib/gcc/arm-none-eabi/9.3.1/thumb/v7-m/nofp\libgcc.a
LOAD c:/users/cmsma/appdata/local/arduino15/packages/stmicroelectronics/tools/xpack-arm-none-eabi-gcc/9.3.1-1.3/bin/../lib/gcc/arm-none-eabi/9.3.1/../../../../arm-none-eabi/lib/thumb/v7-m/nofp\libc_nano.a
END GROUP
START GROUP
LOAD c:/users/cmsma/appdata/local/arduino15/packages/stmicroelectronics/tools/xpack-arm-none-eabi-gcc/9.3.1-1.3/bin/../lib/gcc/arm-none-eabi/9.3.1/thumb/v7-m/nofp\libgcc.a
LOAD c:/users/cmsma/appdata/local/arduino15/packages/stmicroelectronics/tools/xpack-arm-none-eabi-gcc/9.3.1-1.3/bin/../lib/gcc/arm-none-eabi/9.3.1/../../../../arm-none-eabi/lib/thumb/v7-m/nofp\libc_nano.a
END GROUP
LOAD c:/users/cmsma/appdata/local/arduino15/packages/stmicroelectronics/tools/xpack-arm-none-eabi-gcc/9.3.1-1.3/bin/../lib/gcc/arm-none-eabi/9.3.1/thumb/v7-m/nofp/crtend.o
LOAD c:/users/cmsma/appdata/local/arduino15/packages/stmicroelectronics/tools/xpack-arm-none-eabi-gcc/9.3.1-1.3/bin/../lib/gcc/arm-none-eabi/9.3.1/thumb/v7-m/nofp/crtn.o
                0x20005000                _estack = (ORIGIN (RAM) + LENGTH (RAM))
                0x00000200                _Min_Heap_Size = 0x200
                0x00000400                _Min_Stack_Size = 0x400

.isr_vector     0x08000000      0x10c
                0x08000000                . = ALIGN (0x4)
 *(.isr_vector)
 .isr_vector    0x08000000      0x10c D:\文件\MakeNtu\output\core\startup_M200_f103xb.S.o
                0x08000000                g_pfnVectors
                0x0800010c                . = ALIGN (0x4)

.text           0x0800010c     0x3dd0
                0x0800010c                . = ALIGN (0x4)
 *(.text)
 .text          0x0800010c       0x10 c:/users/cmsma/appdata/local/arduino15/packages/stmicroelectronics/tools/xpack-arm-none-eabi-gcc/9.3.1-1.3/bin/../lib/gcc/arm-none-eabi/9.3.1/../../../../arm-none-eabi/lib/thumb/v7-m/nofp\libc_nano.a(lib_a-strlen.o)
                0x0800010c                strlen
 *(.text*)
 .text.__do_global_dtors_aux
                0x0800011c       0x24 c:/users/cmsma/appdata/local/arduino15/packages/stmicroelectronics/tools/xpack-arm-none-eabi-gcc/9.3.1-1.3/bin/../lib/gcc/arm-none-eabi/9.3.1/thumb/v7-m/nofp/crtbegin.o
 .text.frame_dummy
                0x08000140       0x1c c:/users/cmsma/appdata/local/arduino15/packages/stmicroelectronics/tools/xpack-arm-none-eabi-gcc/9.3.1-1.3/bin/../lib/gcc/arm-none-eabi/9.3.1/thumb/v7-m/nofp/crtbegin.o
 .text._ZN10LinkedListI3CMDE4sizeEv
                0x0800015c        0x4 D:\文件\MakeNtu\output\sketch\STM32Main.ino.cpp.o
                0x0800015c                LinkedList<CMD>::size()
 .text._ZN10LinkedListI3CMDE5clearEv
                0x08000160       0x1c D:\文件\MakeNtu\output\sketch\STM32Main.ino.cpp.o
                0x08000160                LinkedList<CMD>::clear()
 .text._ZN10LinkedListI3CMDED2Ev
                0x0800017c       0x20 D:\文件\MakeNtu\output\sketch\STM32Main.ino.cpp.o
                0x0800017c                LinkedList<CMD>::~LinkedList()
                0x0800017c                LinkedList<CMD>::~LinkedList()
 .text._ZN10LinkedListI3CMDED0Ev
                0x0800019c       0x14 D:\文件\MakeNtu\output\sketch\STM32Main.ino.cpp.o
                0x0800019c                LinkedList<CMD>::~LinkedList()
 .text._ZN10LinkedListI3CMDE3addES0_
                0x080001b0       0x2e D:\文件\MakeNtu\output\sketch\STM32Main.ino.cpp.o
                0x080001b0                LinkedList<CMD>::add(CMD)
 .text._ZN10LinkedListI3CMDE5shiftEv
                0x080001de       0x38 D:\文件\MakeNtu\output\sketch\STM32Main.ino.cpp.o
                0x080001de                LinkedList<CMD>::shift()
 .text._ZN10LinkedListI3CMDE7unshiftES0_
                0x08000216       0x30 D:\文件\MakeNtu\output\sketch\STM32Main.ino.cpp.o
                0x08000216                LinkedList<CMD>::unshift(CMD)
 .text._ZN10LinkedListI3CMDE21findEndOfSortedStringEP8ListNodeIS0_EPFiRS0_S5_E.isra.0
                0x08000246       0x1a D:\文件\MakeNtu\output\sketch\STM32Main.ino.cpp.o
 .text._ZN10LinkedListI3CMDE4sortEPFiRS0_S2_E
                0x08000260       0x8e D:\文件\MakeNtu\output\sketch\STM32Main.ino.cpp.o
                0x08000260                LinkedList<CMD>::sort(int (*)(CMD&, CMD&))
 *fill*         0x080002ee        0x2 
 .text._Z7BTsetupi
                0x080002f0       0x10 D:\文件\MakeNtu\output\sketch\STM32Main.ino.cpp.o
                0x080002f0                BTsetup(int)
 .text._ZN3ArmC2Eii
                0x08000300       0x26 D:\文件\MakeNtu\output\sketch\STM32Main.ino.cpp.o
                0x08000300                Arm::Arm(int, int)
                0x08000300                Arm::Arm(int, int)
 *fill*         0x08000326        0x2 
 .text._ZN3Arm4moveEi
                0x08000328       0x78 D:\文件\MakeNtu\output\sketch\STM32Main.ino.cpp.o
                0x08000328                Arm::move(int)
 .text._ZN3Arm5pressEv
                0x080003a0       0x3a D:\文件\MakeNtu\output\sketch\STM32Main.ino.cpp.o
                0x080003a0                Arm::press()
 .text._ZN3Arm4liftEv
                0x080003da       0x3a D:\文件\MakeNtu\output\sketch\STM32Main.ino.cpp.o
                0x080003da                Arm::lift()
 .text._Z8ArmSetupv
                0x08000414       0x68 D:\文件\MakeNtu\output\sketch\STM32Main.ino.cpp.o
                0x08000414                ArmSetup()
 .text._ZN6ButtonC2Ei
                0x0800047c       0x48 D:\文件\MakeNtu\output\sketch\STM32Main.ino.cpp.o
                0x0800047c                Button::Button(int)
                0x0800047c                Button::Button(int)
 .text._Z5cheatib
                0x080004c4       0x3c D:\文件\MakeNtu\output\sketch\STM32Main.ino.cpp.o
                0x080004c4                cheat(int, bool)
 .text.setup    0x08000500      0x134 D:\文件\MakeNtu\output\sketch\STM32Main.ino.cpp.o
                0x08000500                setup
 .text._ZN10LinkedListI3CMDE7getNodeEi
                0x08000634       0x2e D:\文件\MakeNtu\output\sketch\STM32Main.ino.cpp.o
                0x08000634                LinkedList<CMD>::getNode(int)
 .text._ZN10LinkedListI3CMDE3getEi
                0x08000662        0xc D:\文件\MakeNtu\output\sketch\STM32Main.ino.cpp.o
                0x08000662                LinkedList<CMD>::get(int)
 .text._ZN10LinkedListI3CMDE3popEv
                0x0800066e       0x4a D:\文件\MakeNtu\output\sketch\STM32Main.ino.cpp.o
                0x0800066e                LinkedList<CMD>::pop()
 .text._ZN10LinkedListI3CMDE6removeEi
                0x080006b8       0x4e D:\文件\MakeNtu\output\sketch\STM32Main.ino.cpp.o
                0x080006b8                LinkedList<CMD>::remove(int)
 .text._ZN10LinkedListI3CMDE3setEiS0_
                0x08000706       0x1c D:\文件\MakeNtu\output\sketch\STM32Main.ino.cpp.o
                0x08000706                LinkedList<CMD>::set(int, CMD)
 .text._ZN10LinkedListI3CMDE3addEiS0_
                0x08000722       0x58 D:\文件\MakeNtu\output\sketch\STM32Main.ino.cpp.o
                0x08000722                LinkedList<CMD>::add(int, CMD)
 *fill*         0x0800077a        0x2 
 .text.startup._GLOBAL__sub_I_lcd
                0x0800077c       0x7c D:\文件\MakeNtu\output\sketch\STM32Main.ino.cpp.o
 .text.exit._GLOBAL__sub_D_lcd
                0x080007f8       0x10 D:\文件\MakeNtu\output\sketch\STM32Main.ino.cpp.o
 .text._Z7getCharv
                0x08000808       0x20 D:\文件\MakeNtu\output\sketch\STM32Main.ino.cpp.o
                0x08000808                getChar()
 .text.loop     0x08000828       0x44 D:\文件\MakeNtu\output\sketch\STM32Main.ino.cpp.o
                0x08000828                loop
 .text._ZN5Print17availableForWriteEv
                0x0800086c        0x4 D:\文件\MakeNtu\output\libraries\LiquidCrystal\LiquidCrystal.cpp.o
                0x0800086c                Print::availableForWrite()
 .text._ZN5Print5flushEv
                0x08000870        0x2 D:\文件\MakeNtu\output\libraries\LiquidCrystal\LiquidCrystal.cpp.o
                0x08000870                Print::flush()
 *fill*         0x08000872        0x2 
 .text._ZN13LiquidCrystal11pulseEnableEv
                0x08000874       0x6c D:\文件\MakeNtu\output\libraries\LiquidCrystal\LiquidCrystal.cpp.o
                0x08000874                LiquidCrystal::pulseEnable()
 .text._ZN13LiquidCrystal10write4bitsEh
                0x080008e0       0x2c D:\文件\MakeNtu\output\libraries\LiquidCrystal\LiquidCrystal.cpp.o
                0x080008e0                LiquidCrystal::write4bits(unsigned char)
 .text._ZN13LiquidCrystal10write8bitsEh
                0x0800090c       0x2c D:\文件\MakeNtu\output\libraries\LiquidCrystal\LiquidCrystal.cpp.o
                0x0800090c                LiquidCrystal::write8bits(unsigned char)
 .text._ZN13LiquidCrystal4sendEhh
                0x08000938       0x40 D:\文件\MakeNtu\output\libraries\LiquidCrystal\LiquidCrystal.cpp.o
                0x08000938                LiquidCrystal::send(unsigned char, unsigned char)
 .text._ZN13LiquidCrystal5writeEh
                0x08000978        0xc D:\文件\MakeNtu\output\libraries\LiquidCrystal\LiquidCrystal.cpp.o
                0x08000978                LiquidCrystal::write(unsigned char)
 .text._ZN13LiquidCrystal7commandEh
                0x08000984        0x6 D:\文件\MakeNtu\output\libraries\LiquidCrystal\LiquidCrystal.cpp.o
                0x08000984                LiquidCrystal::command(unsigned char)
 *fill*         0x0800098a        0x2 
 .text._ZN13LiquidCrystal5clearEv
                0x0800098c       0x34 D:\文件\MakeNtu\output\libraries\LiquidCrystal\LiquidCrystal.cpp.o
                0x0800098c                LiquidCrystal::clear()
 .text._ZN13LiquidCrystal9setCursorEhh
                0x080009c0       0x26 D:\文件\MakeNtu\output\libraries\LiquidCrystal\LiquidCrystal.cpp.o
                0x080009c0                LiquidCrystal::setCursor(unsigned char, unsigned char)
 .text._ZN13LiquidCrystal7displayEv
                0x080009e6       0x14 D:\文件\MakeNtu\output\libraries\LiquidCrystal\LiquidCrystal.cpp.o
                0x080009e6                LiquidCrystal::display()
 *fill*         0x080009fa        0x2 
 .text._ZN13LiquidCrystal5beginEhhh
                0x080009fc      0x1a8 D:\文件\MakeNtu\output\libraries\LiquidCrystal\LiquidCrystal.cpp.o
                0x080009fc                LiquidCrystal::begin(unsigned char, unsigned char, unsigned char)
 .text._ZN13LiquidCrystalC2Ehhhhhh
                0x08000ba4       0x40 D:\文件\MakeNtu\output\libraries\LiquidCrystal\LiquidCrystal.cpp.o
                0x08000ba4                LiquidCrystal::LiquidCrystal(unsigned char, unsigned char, unsigned char, unsigned char, unsigned char, unsigned char)
                0x08000ba4                LiquidCrystal::LiquidCrystal(unsigned char, unsigned char, unsigned char, unsigned char, unsigned char, unsigned char)
 .text._ZNSt17_Function_handlerIFvvEPS0_E9_M_invokeERKSt9_Any_data
                0x08000be4        0x4 D:\文件\MakeNtu\output\libraries\Servo\stm32\Servo.cpp.o
                0x08000be4                std::_Function_handler<void (), void (*)()>::_M_invoke(std::_Any_data const&)
 .text._ZNSt14_Function_base13_Base_managerIPFvvEE10_M_managerERSt9_Any_dataRKS4_St18_Manager_operation
                0x08000be8       0x16 D:\文件\MakeNtu\output\libraries\Servo\stm32\Servo.cpp.o
                0x08000be8                std::_Function_base::_Base_manager<void (*)()>::_M_manager(std::_Any_data&, std::_Any_data const&, std::_Manager_operation)
 *fill*         0x08000bfe        0x2 
 .text._ZL27Servo_PeriodElapsedCallbackv
                0x08000c00       0xd8 D:\文件\MakeNtu\output\libraries\Servo\stm32\Servo.cpp.o
 .text._ZN5ServoC2Ev
                0x08000cd8       0x2c D:\文件\MakeNtu\output\libraries\Servo\stm32\Servo.cpp.o
                0x08000cd8                Servo::Servo()
                0x08000cd8                Servo::Servo()
 .text._ZN5Servo6detachEv
                0x08000d04       0x2c D:\文件\MakeNtu\output\libraries\Servo\stm32\Servo.cpp.o
                0x08000d04                Servo::detach()
 .text._ZN5Servo17writeMicrosecondsEi
                0x08000d30       0x38 D:\文件\MakeNtu\output\libraries\Servo\stm32\Servo.cpp.o
                0x08000d30                Servo::writeMicroseconds(int)
 .text._ZN5Servo5writeEi
                0x08000d68       0x42 D:\文件\MakeNtu\output\libraries\Servo\stm32\Servo.cpp.o
                0x08000d68                Servo::write(int)
 *fill*         0x08000daa        0x2 
 .text._ZN5Servo6attachEiiii
                0x08000dac       0xcc D:\文件\MakeNtu\output\libraries\Servo\stm32\Servo.cpp.o
                0x08000dac                Servo::attach(int, int, int, int)
 .text._ZN5Servo6attachEii
                0x08000e78       0x16 D:\文件\MakeNtu\output\libraries\Servo\stm32\Servo.cpp.o
                0x08000e78                Servo::attach(int, int)
 *fill*         0x08000e8e        0x2 
 .text._ZN5Servo16readMicrosecondsEv
                0x08000e90       0x18 D:\文件\MakeNtu\output\libraries\Servo\stm32\Servo.cpp.o
                0x08000e90                Servo::readMicroseconds()
 .text._ZN5Servo4readEv
                0x08000ea8       0x2e D:\文件\MakeNtu\output\libraries\Servo\stm32\Servo.cpp.o
                0x08000ea8                Servo::read()
 *fill*         0x08000ed6        0x2 
 .text._ZN5Servo8attachedEv
                0x08000ed8       0x18 D:\文件\MakeNtu\output\libraries\Servo\stm32\Servo.cpp.o
                0x08000ed8                Servo::attached()
 .text.startup._GLOBAL__sub_I_ServoCount
                0x08000ef0       0x10 D:\文件\MakeNtu\output\libraries\Servo\stm32\Servo.cpp.o
 .text.exit._GLOBAL__sub_D_ServoCount
                0x08000f00        0xc D:\文件\MakeNtu\output\libraries\Servo\stm32\Servo.cpp.o
 .text._sbrk    0x08000f0c       0x3c D:\文件\MakeNtu\output\libraries\SrcWrapper\syscalls.c.o
                0x08000f0c                _sbrk
 .text._exit    0x08000f48        0x2 D:\文件\MakeNtu\output\libraries\SrcWrapper\syscalls.c.o
                0x08000f48                _exit
 *fill*         0x08000f4a        0x2 
 .text._kill    0x08000f4c       0x10 D:\文件\MakeNtu\output\libraries\SrcWrapper\syscalls.c.o
                0x08000f4c                _kill
 .text._getpid  0x08000f5c        0x4 D:\文件\MakeNtu\output\libraries\SrcWrapper\syscalls.c.o
                0x08000f5c                _getpid
 .text.HAL_MspInit
                0x08000f60        0x2 D:\文件\MakeNtu\output\libraries\SrcWrapper\HAL\stm32yyxx_hal.c.o
                0x08000f60                HAL_MspInit
 *fill*         0x08000f62        0x2 
 .text.HAL_InitTick
                0x08000f64       0x48 D:\文件\MakeNtu\output\libraries\SrcWrapper\HAL\stm32yyxx_hal.c.o
                0x08000f64                HAL_InitTick
 .text.HAL_Init
                0x08000fac       0x24 D:\文件\MakeNtu\output\libraries\SrcWrapper\HAL\stm32yyxx_hal.c.o
                0x08000fac                HAL_Init
 .text.HAL_IncTick
                0x08000fd0       0x18 D:\文件\MakeNtu\output\libraries\SrcWrapper\HAL\stm32yyxx_hal.c.o
                0x08000fd0                HAL_IncTick
 .text.HAL_GetTick
                0x08000fe8        0xc D:\文件\MakeNtu\output\libraries\SrcWrapper\HAL\stm32yyxx_hal.c.o
                0x08000fe8                HAL_GetTick
 .text.HAL_NVIC_SetPriorityGrouping
                0x08000ff4       0x24 D:\文件\MakeNtu\output\libraries\SrcWrapper\HAL\stm32yyxx_hal_cortex.c.o
                0x08000ff4                HAL_NVIC_SetPriorityGrouping
 .text.HAL_NVIC_SetPriority
                0x08001018       0x64 D:\文件\MakeNtu\output\libraries\SrcWrapper\HAL\stm32yyxx_hal_cortex.c.o
                0x08001018                HAL_NVIC_SetPriority
 .text.HAL_NVIC_EnableIRQ
                0x0800107c       0x1c D:\文件\MakeNtu\output\libraries\SrcWrapper\HAL\stm32yyxx_hal_cortex.c.o
                0x0800107c                HAL_NVIC_EnableIRQ
 .text.HAL_NVIC_DisableIRQ
                0x08001098       0x28 D:\文件\MakeNtu\output\libraries\SrcWrapper\HAL\stm32yyxx_hal_cortex.c.o
                0x08001098                HAL_NVIC_DisableIRQ
 .text.HAL_SYSTICK_Config
                0x080010c0       0x2c D:\文件\MakeNtu\output\libraries\SrcWrapper\HAL\stm32yyxx_hal_cortex.c.o
                0x080010c0                HAL_SYSTICK_Config
 .text.HAL_NVIC_ClearPendingIRQ
                0x080010ec       0x20 D:\文件\MakeNtu\output\libraries\SrcWrapper\HAL\stm32yyxx_hal_cortex.c.o
                0x080010ec                HAL_NVIC_ClearPendingIRQ
 .text.HAL_SYSTICK_Callback
                0x0800110c        0x2 D:\文件\MakeNtu\output\libraries\SrcWrapper\HAL\stm32yyxx_hal_cortex.c.o
                0x0800110c                HAL_SYSTICK_Callback
 .text.HAL_SYSTICK_IRQHandler
                0x0800110e        0x8 D:\文件\MakeNtu\output\libraries\SrcWrapper\HAL\stm32yyxx_hal_cortex.c.o
                0x0800110e                HAL_SYSTICK_IRQHandler
 *fill*         0x08001116        0x2 
 .text.HAL_DMA_Abort_IT
                0x08001118       0x8c D:\文件\MakeNtu\output\libraries\SrcWrapper\HAL\stm32yyxx_hal_dma.c.o
                0x08001118                HAL_DMA_Abort_IT
 .text.HAL_GPIO_EXTI_IRQHandler
                0x080011a4       0x18 D:\文件\MakeNtu\output\libraries\SrcWrapper\HAL\stm32yyxx_hal_gpio.c.o
                0x080011a4                HAL_GPIO_EXTI_IRQHandler
 .text.HAL_RCC_OscConfig
                0x080011bc      0x338 D:\文件\MakeNtu\output\libraries\SrcWrapper\HAL\stm32yyxx_hal_rcc.c.o
                0x080011bc                HAL_RCC_OscConfig
 .text.HAL_RCC_GetSysClockFreq
                0x080014f4       0x74 D:\文件\MakeNtu\output\libraries\SrcWrapper\HAL\stm32yyxx_hal_rcc.c.o
                0x080014f4                HAL_RCC_GetSysClockFreq
 .text.HAL_RCC_ClockConfig
                0x08001568      0x138 D:\文件\MakeNtu\output\libraries\SrcWrapper\HAL\stm32yyxx_hal_rcc.c.o
                0x08001568                HAL_RCC_ClockConfig
 .text.HAL_RCC_GetPCLK1Freq
                0x080016a0       0x20 D:\文件\MakeNtu\output\libraries\SrcWrapper\HAL\stm32yyxx_hal_rcc.c.o
                0x080016a0                HAL_RCC_GetPCLK1Freq
 .text.HAL_RCC_GetPCLK2Freq
                0x080016c0       0x20 D:\文件\MakeNtu\output\libraries\SrcWrapper\HAL\stm32yyxx_hal_rcc.c.o
                0x080016c0                HAL_RCC_GetPCLK2Freq
 .text.HAL_RCC_GetClockConfig
                0x080016e0       0x3c D:\文件\MakeNtu\output\libraries\SrcWrapper\HAL\stm32yyxx_hal_rcc.c.o
                0x080016e0                HAL_RCC_GetClockConfig
 .text.HAL_RCCEx_PeriphCLKConfig
                0x0800171c       0xf0 D:\文件\MakeNtu\output\libraries\SrcWrapper\HAL\stm32yyxx_hal_rcc_ex.c.o
                0x0800171c                HAL_RCCEx_PeriphCLKConfig
 .text.HAL_TIM_Base_Start
                0x0800180c       0x4c D:\文件\MakeNtu\output\libraries\SrcWrapper\HAL\stm32yyxx_hal_tim.c.o
                0x0800180c                HAL_TIM_Base_Start
 .text.HAL_TIM_Base_Stop
                0x08001858       0x28 D:\文件\MakeNtu\output\libraries\SrcWrapper\HAL\stm32yyxx_hal_tim.c.o
                0x08001858                HAL_TIM_Base_Stop
 .text.HAL_TIM_GenerateEvent
                0x08001880       0x24 D:\文件\MakeNtu\output\libraries\SrcWrapper\HAL\stm32yyxx_hal_tim.c.o
                0x08001880                HAL_TIM_GenerateEvent
 .text.HAL_TIM_PWM_PulseFinishedCallback
                0x080018a4        0x2 D:\文件\MakeNtu\output\libraries\SrcWrapper\HAL\stm32yyxx_hal_tim.c.o
                0x080018a4                HAL_TIM_PWM_PulseFinishedCallback
 .text.HAL_TIM_TriggerCallback
                0x080018a6        0x2 D:\文件\MakeNtu\output\libraries\SrcWrapper\HAL\stm32yyxx_hal_tim.c.o
                0x080018a6                HAL_TIM_TriggerCallback
 .text.HAL_TIM_IRQHandler
                0x080018a8      0x144 D:\文件\MakeNtu\output\libraries\SrcWrapper\HAL\stm32yyxx_hal_tim.c.o
                0x080018a8                HAL_TIM_IRQHandler
 .text.TIM_Base_SetConfig
                0x080019ec       0x70 D:\文件\MakeNtu\output\libraries\SrcWrapper\HAL\stm32yyxx_hal_tim.c.o
                0x080019ec                TIM_Base_SetConfig
 .text.HAL_TIM_Base_Init
                0x08001a5c       0x58 D:\文件\MakeNtu\output\libraries\SrcWrapper\HAL\stm32yyxx_hal_tim.c.o
                0x08001a5c                HAL_TIM_Base_Init
 .text.TIM_CCxChannelCmd
                0x08001ab4       0x1c D:\文件\MakeNtu\output\libraries\SrcWrapper\HAL\stm32yyxx_hal_tim.c.o
                0x08001ab4                TIM_CCxChannelCmd
 .text.HAL_TIM_OC_Start
                0x08001ad0       0x9c D:\文件\MakeNtu\output\libraries\SrcWrapper\HAL\stm32yyxx_hal_tim.c.o
                0x08001ad0                HAL_TIM_OC_Start
 .text.HAL_TIM_PWM_Start
                0x08001b6c        0x4 D:\文件\MakeNtu\output\libraries\SrcWrapper\HAL\stm32yyxx_hal_tim.c.o
                0x08001b6c                HAL_TIM_PWM_Start
 .text.HAL_TIM_IC_Start
                0x08001b70       0xbc D:\文件\MakeNtu\output\libraries\SrcWrapper\HAL\stm32yyxx_hal_tim.c.o
                0x08001b70                HAL_TIM_IC_Start
 .text.TIM_CCxNChannelCmd
                0x08001c2c       0x1c D:\文件\MakeNtu\output\libraries\SrcWrapper\HAL\stm32yyxx_hal_tim_ex.c.o
 .text.HAL_TIMEx_OCN_Start
                0x08001c48       0x98 D:\文件\MakeNtu\output\libraries\SrcWrapper\HAL\stm32yyxx_hal_tim_ex.c.o
                0x08001c48                HAL_TIMEx_OCN_Start
 .text.HAL_TIMEx_PWMN_Start
                0x08001ce0        0x4 D:\文件\MakeNtu\output\libraries\SrcWrapper\HAL\stm32yyxx_hal_tim_ex.c.o
                0x08001ce0                HAL_TIMEx_PWMN_Start
 .text.HAL_TIMEx_CommutCallback
                0x08001ce4        0x2 D:\文件\MakeNtu\output\libraries\SrcWrapper\HAL\stm32yyxx_hal_tim_ex.c.o
                0x08001ce4                HAL_TIMEx_CommutCallback
 .text.HAL_TIMEx_BreakCallback
                0x08001ce6        0x2 D:\文件\MakeNtu\output\libraries\SrcWrapper\HAL\stm32yyxx_hal_tim_ex.c.o
                0x08001ce6                HAL_TIMEx_BreakCallback
 .text.UART_EndRxTransfer
                0x08001ce8       0x1a D:\文件\MakeNtu\output\libraries\SrcWrapper\HAL\stm32yyxx_hal_uart.c.o
 *fill*         0x08001d02        0x2 
 .text.UART_SetConfig
                0x08001d04       0x74 D:\文件\MakeNtu\output\libraries\SrcWrapper\HAL\stm32yyxx_hal_uart.c.o
 .text.HAL_UART_MspInit
                0x08001d78        0x2 D:\文件\MakeNtu\output\libraries\SrcWrapper\HAL\stm32yyxx_hal_uart.c.o
                0x08001d78                HAL_UART_MspInit
 .text.HAL_UART_Init
                0x08001d7a       0x5c D:\文件\MakeNtu\output\libraries\SrcWrapper\HAL\stm32yyxx_hal_uart.c.o
                0x08001d7a                HAL_UART_Init
 .text.HAL_HalfDuplex_Init
                0x08001dd6       0x64 D:\文件\MakeNtu\output\libraries\SrcWrapper\HAL\stm32yyxx_hal_uart.c.o
                0x08001dd6                HAL_HalfDuplex_Init
 .text.HAL_UART_Transmit_IT
                0x08001e3a       0x3e D:\文件\MakeNtu\output\libraries\SrcWrapper\HAL\stm32yyxx_hal_uart.c.o
                0x08001e3a                HAL_UART_Transmit_IT
 .text.HAL_UART_Receive_IT
                0x08001e78       0x4e D:\文件\MakeNtu\output\libraries\SrcWrapper\HAL\stm32yyxx_hal_uart.c.o
                0x08001e78                HAL_UART_Receive_IT
 .text.UART_Receive_IT
                0x08001ec6       0x76 D:\文件\MakeNtu\output\libraries\SrcWrapper\HAL\stm32yyxx_hal_uart.c.o
 .text.HAL_UART_IRQHandler
                0x08001f3c      0x144 D:\文件\MakeNtu\output\libraries\SrcWrapper\HAL\stm32yyxx_hal_uart.c.o
                0x08001f3c                HAL_UART_IRQHandler
 .text.UART_DMAAbortOnError
                0x08002080       0x10 D:\文件\MakeNtu\output\libraries\SrcWrapper\HAL\stm32yyxx_hal_uart.c.o
 .text.HAL_HalfDuplex_EnableTransmitter
                0x08002090       0x30 D:\文件\MakeNtu\output\libraries\SrcWrapper\HAL\stm32yyxx_hal_uart.c.o
                0x08002090                HAL_HalfDuplex_EnableTransmitter
 .text.HAL_HalfDuplex_EnableReceiver
                0x080020c0       0x30 D:\文件\MakeNtu\output\libraries\SrcWrapper\HAL\stm32yyxx_hal_uart.c.o
                0x080020c0                HAL_HalfDuplex_EnableReceiver
 .text.HAL_UART_GetState
                0x080020f0        0xc D:\文件\MakeNtu\output\libraries\SrcWrapper\HAL\stm32yyxx_hal_uart.c.o
                0x080020f0                HAL_UART_GetState
 .text.set_GPIO_Port_Clock
                0x080020fc       0xa8 D:\文件\MakeNtu\output\libraries\SrcWrapper\stm32\PortNames.c.o
                0x080020fc                set_GPIO_Port_Clock
 .text.getCurrentMillis
                0x080021a4        0x4 D:\文件\MakeNtu\output\libraries\SrcWrapper\stm32\clock.c.o
                0x080021a4                getCurrentMillis
 .text.noOsSystickHandler
                0x080021a8        0x2 D:\文件\MakeNtu\output\libraries\SrcWrapper\stm32\clock.c.o
                0x080021a8                osSystickHandler
                0x080021a8                noOsSystickHandler
 .text.SysTick_Handler
                0x080021aa       0x10 D:\文件\MakeNtu\output\libraries\SrcWrapper\stm32\clock.c.o
                0x080021aa                SysTick_Handler
 .text.configHSECapacitorTuning
                0x080021ba        0x2 D:\文件\MakeNtu\output\libraries\SrcWrapper\stm32\clock.c.o
                0x080021ba                configHSECapacitorTuning
 .text.configIPClock
                0x080021bc       0x30 D:\文件\MakeNtu\output\libraries\SrcWrapper\stm32\clock.c.o
                0x080021bc                configIPClock
 .text.dwt_init
                0x080021ec       0x38 D:\文件\MakeNtu\output\libraries\SrcWrapper\stm32\dwt.c.o
                0x080021ec                dwt_init
 .text.hw_config_init
                0x08002224       0x1a D:\文件\MakeNtu\output\libraries\SrcWrapper\stm32\hw_config.c.o
                0x08002224                hw_config_init
 *fill*         0x0800223e        0x2 
 .text.pin_SetF1AFPin
                0x08002240      0x1f8 D:\文件\MakeNtu\output\libraries\SrcWrapper\stm32\pinmap.c.o
 .text.LL_GPIO_SetPinMode
                0x08002438       0x2e D:\文件\MakeNtu\output\libraries\SrcWrapper\stm32\pinmap.c.o
 .text.LL_GPIO_SetPinOutputType
                0x08002466       0x2e D:\文件\MakeNtu\output\libraries\SrcWrapper\stm32\pinmap.c.o
 .text.pin_in_pinmap
                0x08002494       0x1e D:\文件\MakeNtu\output\libraries\SrcWrapper\stm32\pinmap.c.o
                0x08002494                pin_in_pinmap
 *fill*         0x080024b2        0x2 
 .text.pin_function
                0x080024b4      0x18c D:\文件\MakeNtu\output\libraries\SrcWrapper\stm32\pinmap.c.o
                0x080024b4                pin_function
 .text.pinmap_pinout
                0x08002640       0x28 D:\文件\MakeNtu\output\libraries\SrcWrapper\stm32\pinmap.c.o
                0x08002640                pinmap_pinout
 .text.pinmap_find_peripheral
                0x08002668       0x16 D:\文件\MakeNtu\output\libraries\SrcWrapper\stm32\pinmap.c.o
                0x08002668                pinmap_find_peripheral
 .text.pinmap_peripheral
                0x0800267e        0xc D:\文件\MakeNtu\output\libraries\SrcWrapper\stm32\pinmap.c.o
                0x0800267e                pinmap_peripheral
 .text.pinmap_find_pin
                0x0800268a       0x16 D:\文件\MakeNtu\output\libraries\SrcWrapper\stm32\pinmap.c.o
                0x0800268a                pinmap_find_pin
 .text.pinmap_pin
                0x080026a0        0xc D:\文件\MakeNtu\output\libraries\SrcWrapper\stm32\pinmap.c.o
                0x080026a0                pinmap_pin
 .text.pinmap_merge_peripheral
                0x080026ac       0x14 D:\文件\MakeNtu\output\libraries\SrcWrapper\stm32\pinmap.c.o
                0x080026ac                pinmap_merge_peripheral
 .text._Error_Handler
                0x080026c0        0x2 D:\文件\MakeNtu\output\libraries\SrcWrapper\stm32\stm32_def.c.o
                0x080026c0                _Error_Handler
 *fill*         0x080026c2        0x2 
 .text.SystemInit
                0x080026c4       0x4c D:\文件\MakeNtu\output\libraries\SrcWrapper\stm32\system_stm32yyxx.c.o
                0x080026c4                SystemInit
 .text.get_timer_obj
                0x08002710        0x4 D:\文件\MakeNtu\output\libraries\SrcWrapper\stm32\timer.c.o
                0x08002710                get_timer_obj
 .text.enableTimerClock
                0x08002714       0x88 D:\文件\MakeNtu\output\libraries\SrcWrapper\stm32\timer.c.o
                0x08002714                enableTimerClock
 .text.disableTimerClock
                0x0800279c       0x5c D:\文件\MakeNtu\output\libraries\SrcWrapper\stm32\timer.c.o
                0x0800279c                disableTimerClock
 .text.getTimerUpIrq
                0x080027f8       0x4c D:\文件\MakeNtu\output\libraries\SrcWrapper\stm32\timer.c.o
                0x080027f8                getTimerUpIrq
 .text.getTimerCCIrq
                0x08002844       0x4c D:\文件\MakeNtu\output\libraries\SrcWrapper\stm32\timer.c.o
                0x08002844                getTimerCCIrq
 .text.HAL_TIM_Base_MspInit
                0x08002890       0x50 D:\文件\MakeNtu\output\libraries\SrcWrapper\stm32\timer.c.o
                0x08002890                HAL_TIM_Base_MspInit
 .text.getTimerClkSrc
                0x080028e0       0x3c D:\文件\MakeNtu\output\libraries\SrcWrapper\stm32\timer.c.o
                0x080028e0                getTimerClkSrc
 .text.uart_init.part.0
                0x0800291c      0x150 D:\文件\MakeNtu\output\libraries\SrcWrapper\stm32\uart.c.o
 .text.uart_init
                0x08002a6c        0x8 D:\文件\MakeNtu\output\libraries\SrcWrapper\stm32\uart.c.o
                0x08002a6c                uart_init
 .text.serial_rx_active
                0x08002a74       0x24 D:\文件\MakeNtu\output\libraries\SrcWrapper\stm32\uart.c.o
                0x08002a74                serial_rx_active
 .text.serial_tx_active
                0x08002a98       0x24 D:\文件\MakeNtu\output\libraries\SrcWrapper\stm32\uart.c.o
                0x08002a98                serial_tx_active
 .text.uart_getc
                0x08002abc       0x38 D:\文件\MakeNtu\output\libraries\SrcWrapper\stm32\uart.c.o
                0x08002abc                uart_getc
 .text.uart_attach_rx_callback
                0x08002af4       0x40 D:\文件\MakeNtu\output\libraries\SrcWrapper\stm32\uart.c.o
                0x08002af4                uart_attach_rx_callback
 .text.uart_attach_tx_callback
                0x08002b34       0x40 D:\文件\MakeNtu\output\libraries\SrcWrapper\stm32\uart.c.o
                0x08002b34                uart_attach_tx_callback
 .text.uart_enable_tx
                0x08002b74       0x1c D:\文件\MakeNtu\output\libraries\SrcWrapper\stm32\uart.c.o
                0x08002b74                uart_enable_tx
 .text.uart_enable_rx
                0x08002b90       0x1c D:\文件\MakeNtu\output\libraries\SrcWrapper\stm32\uart.c.o
                0x08002b90                uart_enable_rx
 .text.HAL_UART_RxCpltCallback
                0x08002bac        0x6 D:\文件\MakeNtu\output\libraries\SrcWrapper\stm32\uart.c.o
                0x08002bac                HAL_UART_RxCpltCallback
 .text.HAL_UART_TxCpltCallback
                0x08002bb2        0x6 D:\文件\MakeNtu\output\libraries\SrcWrapper\stm32\uart.c.o
                0x08002bb2                HAL_UART_TxCpltCallback
 .text.HAL_UART_ErrorCallback
                0x08002bb8       0x7a D:\文件\MakeNtu\output\libraries\SrcWrapper\stm32\uart.c.o
                0x08002bb8                HAL_UART_ErrorCallback
 *fill*         0x08002c32        0x2 
 .text.USART1_IRQHandler
                0x08002c34       0x18 D:\文件\MakeNtu\output\libraries\SrcWrapper\stm32\uart.c.o
                0x08002c34                USART1_IRQHandler
 .text.USART2_IRQHandler
                0x08002c4c       0x18 D:\文件\MakeNtu\output\libraries\SrcWrapper\stm32\uart.c.o
                0x08002c4c                USART2_IRQHandler
 .text.USART3_IRQHandler
                0x08002c64       0x1c D:\文件\MakeNtu\output\libraries\SrcWrapper\stm32\uart.c.o
                0x08002c64                USART3_IRQHandler
 .text.pwm_stop
                0x08002c80       0x5c D:\文件\MakeNtu\output\libraries\SrcWrapper\stm32\analog.cpp.o
                0x08002c80                pwm_stop
 .text._ZNSt14_Function_baseD2Ev
                0x08002cdc       0x12 D:\文件\MakeNtu\output\libraries\SrcWrapper\stm32\interrupt.cpp.o
                0x08002cdc                std::_Function_base::~_Function_base()
                0x08002cdc                std::_Function_base::~_Function_base()
 *fill*         0x08002cee        0x2 
 .text.HAL_GPIO_EXTI_Callback
                0x08002cf0       0x2c D:\文件\MakeNtu\output\libraries\SrcWrapper\stm32\interrupt.cpp.o
                0x08002cf0                HAL_GPIO_EXTI_Callback
 .text.EXTI0_IRQHandler
                0x08002d1c        0x6 D:\文件\MakeNtu\output\libraries\SrcWrapper\stm32\interrupt.cpp.o
                0x08002d1c                EXTI0_IRQHandler
 .text.EXTI1_IRQHandler
                0x08002d22        0x6 D:\文件\MakeNtu\output\libraries\SrcWrapper\stm32\interrupt.cpp.o
                0x08002d22                EXTI1_IRQHandler
 .text.EXTI2_IRQHandler
                0x08002d28        0x6 D:\文件\MakeNtu\output\libraries\SrcWrapper\stm32\interrupt.cpp.o
                0x08002d28                EXTI2_IRQHandler
 .text.EXTI3_IRQHandler
                0x08002d2e        0x6 D:\文件\MakeNtu\output\libraries\SrcWrapper\stm32\interrupt.cpp.o
                0x08002d2e                EXTI3_IRQHandler
 .text.EXTI4_IRQHandler
                0x08002d34        0x6 D:\文件\MakeNtu\output\libraries\SrcWrapper\stm32\interrupt.cpp.o
                0x08002d34                EXTI4_IRQHandler
 .text.EXTI9_5_IRQHandler
                0x08002d3a       0x16 D:\文件\MakeNtu\output\libraries\SrcWrapper\stm32\interrupt.cpp.o
                0x08002d3a                EXTI9_5_IRQHandler
 .text.EXTI15_10_IRQHandler
                0x08002d50       0x18 D:\文件\MakeNtu\output\libraries\SrcWrapper\stm32\interrupt.cpp.o
                0x08002d50                EXTI15_10_IRQHandler
 .text._ZNSt8functionIFvvEEC2ERKS1_
                0x08002d68       0x1e D:\文件\MakeNtu\output\libraries\SrcWrapper\stm32\interrupt.cpp.o
                0x08002d68                std::function<void ()>::function(std::function<void ()> const&)
                0x08002d68                std::function<void ()>::function(std::function<void ()> const&)
 *fill*         0x08002d86        0x2 
 .text.startup._GLOBAL__sub_I__Z22stm32_interrupt_enableP12GPIO_TypeDeftSt8functionIFvvEEm
                0x08002d88       0x88 D:\文件\MakeNtu\output\libraries\SrcWrapper\stm32\interrupt.cpp.o
 .text.exit._GLOBAL__sub_D__Z22stm32_interrupt_enableP12GPIO_TypeDeftSt8functionIFvvEEm
                0x08002e10       0x1c D:\文件\MakeNtu\output\libraries\SrcWrapper\stm32\interrupt.cpp.o
 .text.Reset_Handler
                0x08002e2c       0x60 D:\文件\MakeNtu\output\core\startup_M200_f103xb.S.o
                0x08002e2c                Reset_Handler
 .text.Default_Handler
                0x08002e8c        0x4 D:\文件\MakeNtu\output\core\startup_M200_f103xb.S.o
                0x08002e8c                RTC_Alarm_IRQHandler
                0x08002e8c                DebugMon_Handler
                0x08002e8c                HardFault_Handler
                0x08002e8c                PVD_IRQHandler
                0x08002e8c                PendSV_Handler
                0x08002e8c                NMI_Handler
                0x08002e8c                I2C2_EV_IRQHandler
                0x08002e8c                UsageFault_Handler
                0x08002e8c                ADC1_2_IRQHandler
                0x08002e8c                SPI1_IRQHandler
                0x08002e8c                TAMPER_IRQHandler
                0x08002e8c                DMA1_Channel4_IRQHandler
                0x08002e8c                RTC_IRQHandler
                0x08002e8c                DMA1_Channel7_IRQHandler
                0x08002e8c                CAN1_RX1_IRQHandler
                0x08002e8c                I2C1_EV_IRQHandler
                0x08002e8c                DMA1_Channel6_IRQHandler
                0x08002e8c                RCC_IRQHandler
                0x08002e8c                TIM1_TRG_COM_IRQHandler
                0x08002e8c                DMA1_Channel1_IRQHandler
                0x08002e8c                Default_Handler
                0x08002e8c                SPI2_IRQHandler
                0x08002e8c                MemManage_Handler
                0x08002e8c                SVC_Handler
                0x08002e8c                DMA1_Channel5_IRQHandler
                0x08002e8c                USB_LP_CAN1_RX0_IRQHandler
                0x08002e8c                USB_HP_CAN1_TX_IRQHandler
                0x08002e8c                DMA1_Channel3_IRQHandler
                0x08002e8c                WWDG_IRQHandler
                0x08002e8c                TIM1_BRK_IRQHandler
                0x08002e8c                I2C2_ER_IRQHandler
                0x08002e8c                DMA1_Channel2_IRQHandler
                0x08002e8c                CAN1_SCE_IRQHandler
                0x08002e8c                FLASH_IRQHandler
                0x08002e8c                BusFault_Handler
                0x08002e8c                I2C1_ER_IRQHandler
                0x08002e8c                USBWakeUp_IRQHandler
 .text.SystemClock_Config
                0x08002e90       0x9c D:\文件\MakeNtu\output\core\variant_PILL_F103Cx.cpp.o
                0x08002e90                SystemClock_Config
 .text.pinMode  0x08002f2c       0xc8 D:\文件\MakeNtu\output\core\core.a(wiring_digital.c.o)
                0x08002f2c                pinMode
 .text.digitalWrite
                0x08002ff4       0x78 D:\文件\MakeNtu\output\core\core.a(wiring_digital.c.o)
                0x08002ff4                digitalWrite
 .text.millis   0x0800306c        0x4 D:\文件\MakeNtu\output\core\core.a(wiring_time.c.o)
                0x0800306c                millis
 .text.delay    0x08003070       0x1c D:\文件\MakeNtu\output\core\core.a(wiring_time.c.o)
                0x08003070                delay
 .text._ZN14HardwareSerial16_tx_complete_irqEP8serial_s
                0x0800308c       0x26 D:\文件\MakeNtu\output\core\core.a(HardwareSerial.cpp.o)
                0x0800308c                HardwareSerial::_tx_complete_irq(serial_s*)
 .text._ZN14HardwareSerial9availableEv
                0x080030b2       0x10 D:\文件\MakeNtu\output\core\core.a(HardwareSerial.cpp.o)
                0x080030b2                HardwareSerial::available()
 .text._ZN14HardwareSerial4peekEv
                0x080030c2       0x1a D:\文件\MakeNtu\output\core\core.a(HardwareSerial.cpp.o)
                0x080030c2                HardwareSerial::peek()
 .text._ZN14HardwareSerial17availableForWriteEv
                0x080030dc       0x1c D:\文件\MakeNtu\output\core\core.a(HardwareSerial.cpp.o)
                0x080030dc                HardwareSerial::availableForWrite()
 .text._ZN14HardwareSerial5writeEh
                0x080030f8       0x18 D:\文件\MakeNtu\output\core\core.a(HardwareSerial.cpp.o)
                0x080030f8                HardwareSerial::write(unsigned char)
 .text._ZN14HardwareSerial16_rx_complete_irqEP8serial_s
                0x08003110       0x38 D:\文件\MakeNtu\output\core\core.a(HardwareSerial.cpp.o)
                0x08003110                HardwareSerial::_rx_complete_irq(serial_s*)
 .text._ZN14HardwareSerial5writeEPKhj
                0x08003148       0xbc D:\文件\MakeNtu\output\core\core.a(HardwareSerial.cpp.o)
                0x08003148                HardwareSerial::write(unsigned char const*, unsigned int)
 .text._ZN14HardwareSerial5flushEv
                0x08003204       0x14 D:\文件\MakeNtu\output\core\core.a(HardwareSerial.cpp.o)
                0x08003204                HardwareSerial::flush()
 .text._ZN14HardwareSerial4initE7PinNameS0_
                0x08003218       0x28 D:\文件\MakeNtu\output\core\core.a(HardwareSerial.cpp.o)
                0x08003218                HardwareSerial::init(PinName, PinName)
 .text._ZN14HardwareSerialC2Emm
                0x08003240       0x98 D:\文件\MakeNtu\output\core\core.a(HardwareSerial.cpp.o)
                0x08003240                HardwareSerial::HardwareSerial(unsigned long, unsigned long)
                0x08003240                HardwareSerial::HardwareSerial(unsigned long, unsigned long)
 .text._ZN14HardwareSerial5setRxEm
                0x080032d8       0x48 D:\文件\MakeNtu\output\core\core.a(HardwareSerial.cpp.o)
                0x080032d8                HardwareSerial::setRx(unsigned long)
 .text._ZN14HardwareSerial5setTxEm
                0x08003320       0x48 D:\文件\MakeNtu\output\core\core.a(HardwareSerial.cpp.o)
                0x08003320                HardwareSerial::setTx(unsigned long)
 .text._ZN14HardwareSerialC2EPv16HalfDuplexMode_t
                0x08003368       0x74 D:\文件\MakeNtu\output\core\core.a(HardwareSerial.cpp.o)
                0x08003368                HardwareSerial::HardwareSerial(void*, HalfDuplexMode_t)
                0x08003368                HardwareSerial::HardwareSerial(void*, HalfDuplexMode_t)
 .text._ZN14HardwareSerial18enableHalfDuplexRxEv
                0x080033dc       0x2c D:\文件\MakeNtu\output\core\core.a(HardwareSerial.cpp.o)
                0x080033dc                HardwareSerial::enableHalfDuplexRx()
 .text._ZN14HardwareSerial5beginEmh
                0x08003408       0x9c D:\文件\MakeNtu\output\core\core.a(HardwareSerial.cpp.o)
                0x08003408                HardwareSerial::begin(unsigned long, unsigned char)
 .text._ZN14HardwareSerial4readEv
                0x080034a4       0x2e D:\文件\MakeNtu\output\core\core.a(HardwareSerial.cpp.o)
                0x080034a4                HardwareSerial::read()
 *fill*         0x080034d2        0x2 
 .text.startup._GLOBAL__sub_I_Serial1
                0x080034d4       0x14 D:\文件\MakeNtu\output\core\core.a(HardwareSerial.cpp.o)
 .text._ZNSt8functionIFvvEEaSEDn.isra.0
                0x080034e8       0x18 D:\文件\MakeNtu\output\core\core.a(HardwareTimer.cpp.o)
 .text._ZN13HardwareTimer5pauseEv
                0x08003500       0x62 D:\文件\MakeNtu\output\core\core.a(HardwareTimer.cpp.o)
                0x08003500                HardwareTimer::pause()
 .text._ZN13HardwareTimer10getChannelEm
                0x08003562       0x10 D:\文件\MakeNtu\output\core\core.a(HardwareTimer.cpp.o)
                0x08003562                HardwareTimer::getChannel(unsigned long)
 *fill*         0x08003572        0x2 
 .text._ZN13HardwareTimer12getLLChannelEm
                0x08003574       0x28 D:\文件\MakeNtu\output\core\core.a(HardwareTimer.cpp.o)
                0x08003574                HardwareTimer::getLLChannel(unsigned long)
 .text._ZN13HardwareTimer13resumeChannelEm
                0x0800359c      0x11c D:\文件\MakeNtu\output\core\core.a(HardwareTimer.cpp.o)
                0x0800359c                HardwareTimer::resumeChannel(unsigned long)
 .text._ZN13HardwareTimer6resumeEv
                0x080036b8       0x42 D:\文件\MakeNtu\output\core\core.a(HardwareTimer.cpp.o)
                0x080036b8                HardwareTimer::resume()
 .text._ZN13HardwareTimer17setPrescaleFactorEm
                0x080036fa        0x8 D:\文件\MakeNtu\output\core\core.a(HardwareTimer.cpp.o)
                0x080036fa                HardwareTimer::setPrescaleFactor(unsigned long)
 .text._ZN13HardwareTimer16setPreloadEnableEb
                0x08003702       0x14 D:\文件\MakeNtu\output\core\core.a(HardwareTimer.cpp.o)
                0x08003702                HardwareTimer::setPreloadEnable(bool)
 .text._ZN13HardwareTimer7refreshEv
                0x08003716        0x8 D:\文件\MakeNtu\output\core\core.a(HardwareTimer.cpp.o)
                0x08003716                HardwareTimer::refresh()
 *fill*         0x0800371e        0x2 
 .text._Z15get_timer_indexP11TIM_TypeDef
                0x08003720       0x38 D:\文件\MakeNtu\output\core\core.a(HardwareTimer.cpp.o)
                0x08003720                get_timer_index(TIM_TypeDef*)
 .text._ZN13HardwareTimerD2Ev
                0x08003758       0x40 D:\文件\MakeNtu\output\core\core.a(HardwareTimer.cpp.o)
                0x08003758                HardwareTimer::~HardwareTimer()
                0x08003758                HardwareTimer::~HardwareTimer()
 .text._ZN13HardwareTimerC2EP11TIM_TypeDef
                0x08003798       0xac D:\文件\MakeNtu\output\core\core.a(HardwareTimer.cpp.o)
                0x08003798                HardwareTimer::HardwareTimer(TIM_TypeDef*)
                0x08003798                HardwareTimer::HardwareTimer(TIM_TypeDef*)
 .text._ZN13HardwareTimer15getTimerClkFreqEv
                0x08003844       0x68 D:\文件\MakeNtu\output\core\core.a(HardwareTimer.cpp.o)
                0x08003844                HardwareTimer::getTimerClkFreq()
 .text._ZN13HardwareTimer11setOverflowEm13TimerFormat_t
                0x080038ac       0x44 D:\文件\MakeNtu\output\core\core.a(HardwareTimer.cpp.o)
                0x080038ac                HardwareTimer::setOverflow(unsigned long, TimerFormat_t)
 .text.TIM1_UP_IRQHandler
                0x080038f0       0x14 D:\文件\MakeNtu\output\core\core.a(HardwareTimer.cpp.o)
                0x080038f0                TIM1_UP_IRQHandler
 .text.TIM1_CC_IRQHandler
                0x08003904        0x4 D:\文件\MakeNtu\output\core\core.a(HardwareTimer.cpp.o)
                0x08003904                TIM1_CC_IRQHandler
 .text.TIM2_IRQHandler
                0x08003908       0x14 D:\文件\MakeNtu\output\core\core.a(HardwareTimer.cpp.o)
                0x08003908                TIM2_IRQHandler
 .text.TIM3_IRQHandler
                0x0800391c       0x14 D:\文件\MakeNtu\output\core\core.a(HardwareTimer.cpp.o)
                0x0800391c                TIM3_IRQHandler
 .text.TIM4_IRQHandler
                0x08003930       0x14 D:\文件\MakeNtu\output\core\core.a(HardwareTimer.cpp.o)
                0x08003930                TIM4_IRQHandler
 .text._ZNSt8functionIFvvEEaSERKS1_
                0x08003944       0x44 D:\文件\MakeNtu\output\core\core.a(HardwareTimer.cpp.o)
                0x08003944                std::function<void ()>::operator=(std::function<void ()> const&)
 .text._ZN13HardwareTimer15attachInterruptESt8functionIFvvEE
                0x08003988       0x2e D:\文件\MakeNtu\output\core\core.a(HardwareTimer.cpp.o)
                0x08003988                HardwareTimer::attachInterrupt(std::function<void ()>)
 .text._ZNKSt8functionIFvvEEclEv
                0x080039b6       0x12 D:\文件\MakeNtu\output\core\core.a(HardwareTimer.cpp.o)
                0x080039b6                std::function<void ()>::operator()() const
 .text._ZN13HardwareTimer14updateCallbackEP17TIM_HandleTypeDef
                0x080039c8       0x28 D:\文件\MakeNtu\output\core\core.a(HardwareTimer.cpp.o)
                0x080039c8                HardwareTimer::updateCallback(TIM_HandleTypeDef*)
 .text.HAL_TIM_PeriodElapsedCallback
                0x080039f0        0x4 D:\文件\MakeNtu\output\core\core.a(HardwareTimer.cpp.o)
                0x080039f0                HAL_TIM_PeriodElapsedCallback
 .text._ZN13HardwareTimer22captureCompareCallbackEP17TIM_HandleTypeDef
                0x080039f4       0x50 D:\文件\MakeNtu\output\core\core.a(HardwareTimer.cpp.o)
                0x080039f4                HardwareTimer::captureCompareCallback(TIM_HandleTypeDef*)
 .text.HAL_TIM_OC_DelayElapsedCallback
                0x08003a44        0x4 D:\文件\MakeNtu\output\core\core.a(HardwareTimer.cpp.o)
                0x08003a44                HAL_TIM_OC_DelayElapsedCallback
 .text.HAL_TIM_IC_CaptureCallback
                0x08003a48        0x4 D:\文件\MakeNtu\output\core\core.a(HardwareTimer.cpp.o)
                0x08003a48                HAL_TIM_IC_CaptureCallback
 .text._ZN5Print5writeEPKhj
                0x08003a4c       0x22 D:\文件\MakeNtu\output\core\core.a(Print.cpp.o)
                0x08003a4c                Print::write(unsigned char const*, unsigned int)
 .text._ZN5Print5writeEPKc
                0x08003a6e       0x20 D:\文件\MakeNtu\output\core\core.a(Print.cpp.o)
                0x08003a6e                Print::write(char const*)
 .text._ZN5Print5printEPKc
                0x08003a8e        0x8 D:\文件\MakeNtu\output\core\core.a(Print.cpp.o)
                0x08003a8e                Print::print(char const*)
 .text._ZN5Print5printEc
                0x08003a96        0x6 D:\文件\MakeNtu\output\core\core.a(Print.cpp.o)
                0x08003a96                Print::print(char)
 .text._ZN5Print7printlnEv
                0x08003a9c       0x10 D:\文件\MakeNtu\output\core\core.a(Print.cpp.o)
                0x08003a9c                Print::println()
 .text._ZN5Print11printNumberEmh
                0x08003aac       0x3a D:\文件\MakeNtu\output\core\core.a(Print.cpp.o)
                0x08003aac                Print::printNumber(unsigned long, unsigned char)
 .text._ZN5Print5printEli
                0x08003ae6       0x42 D:\文件\MakeNtu\output\core\core.a(Print.cpp.o)
                0x08003ae6                Print::print(long, int)
 .text._ZN5Print5printEii
                0x08003b28        0x4 D:\文件\MakeNtu\output\core\core.a(Print.cpp.o)
                0x08003b28                Print::print(int, int)
 .text._ZN5Print7printlnEii
                0x08003b2c       0x14 D:\文件\MakeNtu\output\core\core.a(Print.cpp.o)
                0x08003b2c                Print::println(int, int)
 .text._ZN6Stream9timedReadEv
                0x08003b40       0x2a D:\文件\MakeNtu\output\core\core.a(Stream.cpp.o)
                0x08003b40                Stream::timedRead()
 .text._ZN6Stream9readBytesEPcj
                0x08003b6a       0x22 D:\文件\MakeNtu\output\core\core.a(Stream.cpp.o)
                0x08003b6a                Stream::readBytes(char*, unsigned int)
 .text._ZN6Stream14readBytesUntilEcPcj
                0x08003b8c       0x30 D:\文件\MakeNtu\output\core\core.a(Stream.cpp.o)
                0x08003b8c                Stream::readBytesUntil(char, char*, unsigned int)
 .text._Z3maplllll
                0x08003bbc       0x14 D:\文件\MakeNtu\output\core\core.a(WMath.cpp.o)
                0x08003bbc                map(long, long, long, long, long)
 .text.startup._Z7premainv
                0x08003bd0       0x10 D:\文件\MakeNtu\output\core\core.a(main.cpp.o)
                0x08003bd0                premain()
 .text.startup.main
                0x08003be0       0x14 D:\文件\MakeNtu\output\core\core.a(main.cpp.o)
                0x08003be0                main
 .text._Znwj    0x08003bf4        0x4 D:\文件\MakeNtu\output\core\core.a(new.cpp.o)
                0x08003bf4                operator new(unsigned int)
 .text._Znaj    0x08003bf8        0x4 D:\文件\MakeNtu\output\core\core.a(new.cpp.o)
                0x08003bf8                operator new[](unsigned int)
 .text._ZdlPvj  0x08003bfc        0x4 D:\文件\MakeNtu\output\core\core.a(new.cpp.o)
                0x08003bfc                operator delete(void*, unsigned int)
 .text.init     0x08003c00        0x4 D:\文件\MakeNtu\output\core\core.a(board.c.o)
                0x08003c00                init
 .text.__empty  0x08003c04        0x2 D:\文件\MakeNtu\output\core\core.a(hooks.c.o)
                0x08003c04                yield
 *fill*         0x08003c06        0x2 
 .text._Z14serialEventRunv
                0x08003c08       0x1c D:\文件\MakeNtu\output\core\core.a(WSerial.cpp.o)
                0x08003c08                serialEventRun()
 .text.__libc_init_array
                0x08003c24       0x48 c:/users/cmsma/appdata/local/arduino15/packages/stmicroelectronics/tools/xpack-arm-none-eabi-gcc/9.3.1-1.3/bin/../lib/gcc/arm-none-eabi/9.3.1/../../../../arm-none-eabi/lib/thumb/v7-m/nofp\libc_nano.a(lib_a-init.o)
                0x08003c24                __libc_init_array
 .text.malloc   0x08003c6c       0x10 c:/users/cmsma/appdata/local/arduino15/packages/stmicroelectronics/tools/xpack-arm-none-eabi-gcc/9.3.1-1.3/bin/../lib/gcc/arm-none-eabi/9.3.1/../../../../arm-none-eabi/lib/thumb/v7-m/nofp\libc_nano.a(lib_a-malloc.o)
                0x08003c6c                malloc
 .text.free     0x08003c7c       0x10 c:/users/cmsma/appdata/local/arduino15/packages/stmicroelectronics/tools/xpack-arm-none-eabi-gcc/9.3.1-1.3/bin/../lib/gcc/arm-none-eabi/9.3.1/../../../../arm-none-eabi/lib/thumb/v7-m/nofp\libc_nano.a(lib_a-malloc.o)
                0x08003c7c                free
 .text.memset   0x08003c8c       0x10 c:/users/cmsma/appdata/local/arduino15/packages/stmicroelectronics/tools/xpack-arm-none-eabi-gcc/9.3.1-1.3/bin/../lib/gcc/arm-none-eabi/9.3.1/../../../../arm-none-eabi/lib/thumb/v7-m/nofp\libc_nano.a(lib_a-memset.o)
                0x08003c8c                memset
 .text._free_r  0x08003c9c       0x98 c:/users/cmsma/appdata/local/arduino15/packages/stmicroelectronics/tools/xpack-arm-none-eabi-gcc/9.3.1-1.3/bin/../lib/gcc/arm-none-eabi/9.3.1/../../../../arm-none-eabi/lib/thumb/v7-m/nofp\libc_nano.a(lib_a-nano-freer.o)
                0x08003c9c                _free_r
 .text._malloc_r
                0x08003d34       0xb4 c:/users/cmsma/appdata/local/arduino15/packages/stmicroelectronics/tools/xpack-arm-none-eabi-gcc/9.3.1-1.3/bin/../lib/gcc/arm-none-eabi/9.3.1/../../../../arm-none-eabi/lib/thumb/v7-m/nofp\libc_nano.a(lib_a-nano-mallocr.o)
                0x08003d34                _malloc_r
 .text._sbrk_r  0x08003de8       0x20 c:/users/cmsma/appdata/local/arduino15/packages/stmicroelectronics/tools/xpack-arm-none-eabi-gcc/9.3.1-1.3/bin/../lib/gcc/arm-none-eabi/9.3.1/../../../../arm-none-eabi/lib/thumb/v7-m/nofp\libc_nano.a(lib_a-sbrkr.o)
                0x08003de8                _sbrk_r
 .text.__retarget_lock_acquire_recursive
                0x08003e08        0x2 c:/users/cmsma/appdata/local/arduino15/packages/stmicroelectronics/tools/xpack-arm-none-eabi-gcc/9.3.1-1.3/bin/../lib/gcc/arm-none-eabi/9.3.1/../../../../arm-none-eabi/lib/thumb/v7-m/nofp\libc_nano.a(lib_a-lock.o)
                0x08003e08                __retarget_lock_acquire_recursive
 .text.__retarget_lock_release_recursive
                0x08003e0a        0x2 c:/users/cmsma/appdata/local/arduino15/packages/stmicroelectronics/tools/xpack-arm-none-eabi-gcc/9.3.1-1.3/bin/../lib/gcc/arm-none-eabi/9.3.1/../../../../arm-none-eabi/lib/thumb/v7-m/nofp\libc_nano.a(lib_a-lock.o)
                0x08003e0a                __retarget_lock_release_recursive
 .text.__malloc_lock
                0x08003e0c        0xc c:/users/cmsma/appdata/local/arduino15/packages/stmicroelectronics/tools/xpack-arm-none-eabi-gcc/9.3.1-1.3/bin/../lib/gcc/arm-none-eabi/9.3.1/../../../../arm-none-eabi/lib/thumb/v7-m/nofp\libc_nano.a(lib_a-mlock.o)
                0x08003e0c                __malloc_lock
 .text.__malloc_unlock
                0x08003e18        0xc c:/users/cmsma/appdata/local/arduino15/packages/stmicroelectronics/tools/xpack-arm-none-eabi-gcc/9.3.1-1.3/bin/../lib/gcc/arm-none-eabi/9.3.1/../../../../arm-none-eabi/lib/thumb/v7-m/nofp\libc_nano.a(lib_a-mlock.o)
                0x08003e18                __malloc_unlock
 .text.abort    0x08003e24        0xe c:/users/cmsma/appdata/local/arduino15/packages/stmicroelectronics/tools/xpack-arm-none-eabi-gcc/9.3.1-1.3/bin/../lib/gcc/arm-none-eabi/9.3.1/../../../../arm-none-eabi/lib/thumb/v7-m/nofp\libc_nano.a(lib_a-abort.o)
                0x08003e24                abort
 .text._raise_r
                0x08003e32       0x50 c:/users/cmsma/appdata/local/arduino15/packages/stmicroelectronics/tools/xpack-arm-none-eabi-gcc/9.3.1-1.3/bin/../lib/gcc/arm-none-eabi/9.3.1/../../../../arm-none-eabi/lib/thumb/v7-m/nofp\libc_nano.a(lib_a-signal.o)
                0x08003e32                _raise_r
 *fill*         0x08003e82        0x2 
 .text.raise    0x08003e84       0x10 c:/users/cmsma/appdata/local/arduino15/packages/stmicroelectronics/tools/xpack-arm-none-eabi-gcc/9.3.1-1.3/bin/../lib/gcc/arm-none-eabi/9.3.1/../../../../arm-none-eabi/lib/thumb/v7-m/nofp\libc_nano.a(lib_a-signal.o)
                0x08003e84                raise
 .text._kill_r  0x08003e94       0x24 c:/users/cmsma/appdata/local/arduino15/packages/stmicroelectronics/tools/xpack-arm-none-eabi-gcc/9.3.1-1.3/bin/../lib/gcc/arm-none-eabi/9.3.1/../../../../arm-none-eabi/lib/thumb/v7-m/nofp\libc_nano.a(lib_a-signalr.o)
                0x08003e94                _kill_r
 .text._getpid_r
                0x08003eb8        0x4 c:/users/cmsma/appdata/local/arduino15/packages/stmicroelectronics/tools/xpack-arm-none-eabi-gcc/9.3.1-1.3/bin/../lib/gcc/arm-none-eabi/9.3.1/../../../../arm-none-eabi/lib/thumb/v7-m/nofp\libc_nano.a(lib_a-signalr.o)
                0x08003eb8                _getpid_r
 .text.unlikely._ZSt25__throw_bad_function_callv
                0x08003ebc        0x6 c:/users/cmsma/appdata/local/arduino15/packages/stmicroelectronics/tools/xpack-arm-none-eabi-gcc/9.3.1-1.3/bin/../lib/gcc/arm-none-eabi/9.3.1/../../../../arm-none-eabi/lib/thumb/v7-m/nofp\libstdc++_nano.a(functional.o)
                0x08003ebc                std::__throw_bad_function_call()
 *(.glue_7)
 .glue_7        0x08003ec2        0x0 linker stubs
 *(.glue_7t)
 .glue_7t       0x08003ec2        0x0 linker stubs
 *(.eh_frame)
 *fill*         0x08003ec2        0x2 
 .eh_frame      0x08003ec4        0x0 c:/users/cmsma/appdata/local/arduino15/packages/stmicroelectronics/tools/xpack-arm-none-eabi-gcc/9.3.1-1.3/bin/../lib/gcc/arm-none-eabi/9.3.1/thumb/v7-m/nofp/crtbegin.o
 *(.init)
 .init          0x08003ec4        0x4 c:/users/cmsma/appdata/local/arduino15/packages/stmicroelectronics/tools/xpack-arm-none-eabi-gcc/9.3.1-1.3/bin/../lib/gcc/arm-none-eabi/9.3.1/thumb/v7-m/nofp/crti.o
                0x08003ec4                _init
 .init          0x08003ec8        0x8 c:/users/cmsma/appdata/local/arduino15/packages/stmicroelectronics/tools/xpack-arm-none-eabi-gcc/9.3.1-1.3/bin/../lib/gcc/arm-none-eabi/9.3.1/thumb/v7-m/nofp/crtn.o
 *(.fini)
 .fini          0x08003ed0        0x4 c:/users/cmsma/appdata/local/arduino15/packages/stmicroelectronics/tools/xpack-arm-none-eabi-gcc/9.3.1-1.3/bin/../lib/gcc/arm-none-eabi/9.3.1/thumb/v7-m/nofp/crti.o
                0x08003ed0                _fini
 .fini          0x08003ed4        0x8 c:/users/cmsma/appdata/local/arduino15/packages/stmicroelectronics/tools/xpack-arm-none-eabi-gcc/9.3.1-1.3/bin/../lib/gcc/arm-none-eabi/9.3.1/thumb/v7-m/nofp/crtn.o
                0x08003edc                . = ALIGN (0x4)
                0x08003edc                _etext = .

.vfp11_veneer   0x08003edc        0x0
 .vfp11_veneer  0x08003edc        0x0 linker stubs

.v4_bx          0x08003edc        0x0
 .v4_bx         0x08003edc        0x0 linker stubs

.iplt           0x08003edc        0x0
 .iplt          0x08003edc        0x0 c:/users/cmsma/appdata/local/arduino15/packages/stmicroelectronics/tools/xpack-arm-none-eabi-gcc/9.3.1-1.3/bin/../lib/gcc/arm-none-eabi/9.3.1/thumb/v7-m/nofp/crtbegin.o

.rodata         0x08003edc      0x7d4
                0x08003edc                . = ALIGN (0x4)
 *(.rodata)
 *(.rodata*)
 .rodata._ZN3Arm4moveEi.str1.1
                0x08003edc       0x10 D:\文件\MakeNtu\output\sketch\STM32Main.ino.cpp.o
 .rodata._ZN6ButtonC2Ei.str1.1
                0x08003eec       0x33 D:\文件\MakeNtu\output\sketch\STM32Main.ino.cpp.o
 .rodata.setup.str1.1
                0x08003f1f       0x3c D:\文件\MakeNtu\output\sketch\STM32Main.ino.cpp.o
 *fill*         0x08003f5b        0x1 
 .rodata._ZTV10LinkedListI3CMDE
                0x08003f5c       0x3c D:\文件\MakeNtu\output\sketch\STM32Main.ino.cpp.o
                0x08003f5c                vtable for LinkedList<CMD>
 .rodata._ZTV13LiquidCrystal
                0x08003f98       0x18 D:\文件\MakeNtu\output\libraries\LiquidCrystal\LiquidCrystal.cpp.o
                0x08003f98                vtable for LiquidCrystal
 .rodata.HAL_RCC_GetSysClockFreq.str1.1
                0x08003fb0       0x11 D:\文件\MakeNtu\output\libraries\SrcWrapper\HAL\stm32yyxx_hal_rcc.c.o
 .rodata.pin_function.str1.1
                0x08003fc1       0x80 D:\文件\MakeNtu\output\libraries\SrcWrapper\stm32\pinmap.c.o
 *fill*         0x08004041        0x3 
 .rodata.pin_map_ll
                0x08004044       0x40 D:\文件\MakeNtu\output\libraries\SrcWrapper\stm32\pinmap.c.o
                0x08004044                pin_map_ll
 .rodata.AHBPrescTable
                0x08004084       0x10 D:\文件\MakeNtu\output\libraries\SrcWrapper\stm32\system_stm32yyxx.c.o
                0x08004084                AHBPrescTable
 .rodata.APBPrescTable
                0x08004094        0x8 D:\文件\MakeNtu\output\libraries\SrcWrapper\stm32\system_stm32yyxx.c.o
                0x08004094                APBPrescTable
 .rodata.getTimerUpIrq.str1.1
                0x0800409c       0x18 D:\文件\MakeNtu\output\libraries\SrcWrapper\stm32\timer.c.o
 .rodata.getTimerClkSrc.str1.1
                0x080040b4       0x1c D:\文件\MakeNtu\output\libraries\SrcWrapper\stm32\timer.c.o
 .rodata.PinMap_TIM
                0x080040d0      0x204 D:\文件\MakeNtu\output\core\PeripheralPins.c.o
                0x080040d0                PinMap_TIM
 .rodata.PinMap_UART_RX
                0x080042d4       0x3c D:\文件\MakeNtu\output\core\PeripheralPins.c.o
                0x080042d4                PinMap_UART_RX
 .rodata.PinMap_UART_TX
                0x08004310       0x3c D:\文件\MakeNtu\output\core\PeripheralPins.c.o
                0x08004310                PinMap_UART_TX
 .rodata.SystemClock_Config.str1.1
                0x0800434c       0x97 D:\文件\MakeNtu\output\core\variant_PILL_F103Cx.cpp.o
 *fill*         0x080043e3        0x1 
 .rodata.analogInputPin
                0x080043e4       0x28 D:\文件\MakeNtu\output\core\variant_PILL_F103Cx.cpp.o
                0x080043e4                analogInputPin
 .rodata.digitalPin
                0x0800440c       0x8c D:\文件\MakeNtu\output\core\variant_PILL_F103Cx.cpp.o
                0x0800440c                digitalPin
 .rodata.pinMode.str1.1
                0x08004498       0x77 D:\文件\MakeNtu\output\core\core.a(wiring_digital.c.o)
 .rodata._ZN14HardwareSerial5beginEmh.str1.1
                0x0800450f       0x79 D:\文件\MakeNtu\output\core\core.a(HardwareSerial.cpp.o)
 .rodata.CSWTCH.48
                0x08004588        0x5 D:\文件\MakeNtu\output\core\core.a(HardwareSerial.cpp.o)
 *fill*         0x0800458d        0x3 
 .rodata._ZTV14HardwareSerial
                0x08004590       0x2c D:\文件\MakeNtu\output\core\core.a(HardwareSerial.cpp.o)
                0x08004590                vtable for HardwareSerial
 .rodata._ZN13HardwareTimer12pauseChannelEm.str1.1
                0x080045bc       0x78 D:\文件\MakeNtu\output\core\core.a(HardwareTimer.cpp.o)
 .rodata.CSWTCH.74
                0x08004634        0x6 D:\文件\MakeNtu\output\core\core.a(HardwareTimer.cpp.o)
 .rodata.CSWTCH.75
                0x0800463a        0x8 D:\文件\MakeNtu\output\core\core.a(HardwareTimer.cpp.o)
 .rodata.CSWTCH.77
                0x08004642        0x4 D:\文件\MakeNtu\output\core\core.a(HardwareTimer.cpp.o)
 .rodata.CSWTCH.79
                0x08004646        0x4 D:\文件\MakeNtu\output\core\core.a(HardwareTimer.cpp.o)
 .rodata._ZN5Print7printlnEv.str1.1
                0x0800464a        0x3 D:\文件\MakeNtu\output\core\core.a(Print.cpp.o)
 *fill*         0x0800464d        0x3 
 .rodata.__sf_fake_stderr
                0x08004650       0x20 c:/users/cmsma/appdata/local/arduino15/packages/stmicroelectronics/tools/xpack-arm-none-eabi-gcc/9.3.1-1.3/bin/../lib/gcc/arm-none-eabi/9.3.1/../../../../arm-none-eabi/lib/thumb/v7-m/nofp\libc_nano.a(lib_a-findfp.o)
                0x08004650                __sf_fake_stderr
 .rodata.__sf_fake_stdin
                0x08004670       0x20 c:/users/cmsma/appdata/local/arduino15/packages/stmicroelectronics/tools/xpack-arm-none-eabi-gcc/9.3.1-1.3/bin/../lib/gcc/arm-none-eabi/9.3.1/../../../../arm-none-eabi/lib/thumb/v7-m/nofp\libc_nano.a(lib_a-findfp.o)
                0x08004670                __sf_fake_stdin
 .rodata.__sf_fake_stdout
                0x08004690       0x20 c:/users/cmsma/appdata/local/arduino15/packages/stmicroelectronics/tools/xpack-arm-none-eabi-gcc/9.3.1-1.3/bin/../lib/gcc/arm-none-eabi/9.3.1/../../../../arm-none-eabi/lib/thumb/v7-m/nofp\libc_nano.a(lib_a-findfp.o)
                0x08004690                __sf_fake_stdout
                0x080046b0                . = ALIGN (0x4)

.rel.dyn        0x080046b0        0x0
 .rel.iplt      0x080046b0        0x0 c:/users/cmsma/appdata/local/arduino15/packages/stmicroelectronics/tools/xpack-arm-none-eabi-gcc/9.3.1-1.3/bin/../lib/gcc/arm-none-eabi/9.3.1/thumb/v7-m/nofp/crtbegin.o

.ARM.extab      0x080046b0        0x0
                0x080046b0                . = ALIGN (0x4)
 *(.ARM.extab* .gnu.linkonce.armextab.*)
                0x080046b0                . = ALIGN (0x4)

.ARM            0x080046b0        0x0
                0x080046b0                . = ALIGN (0x4)
                0x080046b0                __exidx_start = .
 *(.ARM.exidx*)
                0x080046b0                __exidx_end = .
                0x080046b0                . = ALIGN (0x4)

.preinit_array  0x080046b0        0x0
                0x080046b0                . = ALIGN (0x4)
                0x080046b0                PROVIDE (__preinit_array_start = .)
 *(.preinit_array*)
                0x080046b0                PROVIDE (__preinit_array_end = .)
                0x080046b0                . = ALIGN (0x4)

.init_array     0x080046b0       0x18
                0x080046b0                . = ALIGN (0x4)
                0x080046b0                PROVIDE (__init_array_start = .)
 *(SORT_BY_NAME(.init_array.*))
 .init_array.00101
                0x080046b0        0x4 D:\文件\MakeNtu\output\core\core.a(main.cpp.o)
 *(.init_array*)
 .init_array    0x080046b4        0x4 c:/users/cmsma/appdata/local/arduino15/packages/stmicroelectronics/tools/xpack-arm-none-eabi-gcc/9.3.1-1.3/bin/../lib/gcc/arm-none-eabi/9.3.1/thumb/v7-m/nofp/crtbegin.o
 .init_array    0x080046b8        0x4 D:\文件\MakeNtu\output\sketch\STM32Main.ino.cpp.o
 .init_array    0x080046bc        0x4 D:\文件\MakeNtu\output\libraries\Servo\stm32\Servo.cpp.o
 .init_array    0x080046c0        0x4 D:\文件\MakeNtu\output\libraries\SrcWrapper\stm32\interrupt.cpp.o
 .init_array    0x080046c4        0x4 D:\文件\MakeNtu\output\core\core.a(HardwareSerial.cpp.o)
                0x080046c8                PROVIDE (__init_array_end = .)
                0x080046c8                . = ALIGN (0x4)

.fini_array     0x080046c8       0x10
                0x080046c8                . = ALIGN (0x4)
                [!provide]                PROVIDE (__fini_array_start = .)
 *(SORT_BY_NAME(.fini_array.*))
 *(.fini_array*)
 .fini_array    0x080046c8        0x4 c:/users/cmsma/appdata/local/arduino15/packages/stmicroelectronics/tools/xpack-arm-none-eabi-gcc/9.3.1-1.3/bin/../lib/gcc/arm-none-eabi/9.3.1/thumb/v7-m/nofp/crtbegin.o
 .fini_array    0x080046cc        0x4 D:\文件\MakeNtu\output\sketch\STM32Main.ino.cpp.o
 .fini_array    0x080046d0        0x4 D:\文件\MakeNtu\output\libraries\Servo\stm32\Servo.cpp.o
 .fini_array    0x080046d4        0x4 D:\文件\MakeNtu\output\libraries\SrcWrapper\stm32\interrupt.cpp.o
                [!provide]                PROVIDE (__fini_array_end = .)
                0x080046d8                . = ALIGN (0x4)
                0x080046d8                _sidata = LOADADDR (.data)

.data           0x20000000       0x8c load address 0x080046d8
                0x20000000                . = ALIGN (0x4)
                0x20000000                _sdata = .
 *(.data)
 *(.data*)
 .data._ZL12timerChannel
                0x20000000        0x1 D:\文件\MakeNtu\output\libraries\Servo\stm32\Servo.cpp.o
 *fill*         0x20000001        0x3 
 .data.heap_end.7169
                0x20000004        0x4 D:\文件\MakeNtu\output\libraries\SrcWrapper\syscalls.c.o
 .data.uwTickFreq
                0x20000008        0x1 D:\文件\MakeNtu\output\libraries\SrcWrapper\HAL\stm32yyxx_hal.c.o
                0x20000008                uwTickFreq
 *fill*         0x20000009        0x3 
 .data.uwTickPrio
                0x2000000c        0x4 D:\文件\MakeNtu\output\libraries\SrcWrapper\HAL\stm32yyxx_hal.c.o
                0x2000000c                uwTickPrio
 .data.GPIOPort
                0x20000010       0x14 D:\文件\MakeNtu\output\libraries\SrcWrapper\stm32\PortNames.c.o
                0x20000010                GPIOPort
 .data.SystemCoreClock
                0x20000024        0x4 D:\文件\MakeNtu\output\libraries\SrcWrapper\stm32\system_stm32yyxx.c.o
                0x20000024                SystemCoreClock
 .data._impure_ptr
                0x20000028        0x4 c:/users/cmsma/appdata/local/arduino15/packages/stmicroelectronics/tools/xpack-arm-none-eabi-gcc/9.3.1-1.3/bin/../lib/gcc/arm-none-eabi/9.3.1/../../../../arm-none-eabi/lib/thumb/v7-m/nofp\libc_nano.a(lib_a-impure.o)
                0x20000028                _impure_ptr
 .data.impure_data
                0x2000002c       0x60 c:/users/cmsma/appdata/local/arduino15/packages/stmicroelectronics/tools/xpack-arm-none-eabi-gcc/9.3.1-1.3/bin/../lib/gcc/arm-none-eabi/9.3.1/../../../../arm-none-eabi/lib/thumb/v7-m/nofp\libc_nano.a(lib_a-impure.o)
 *(.RamFunc)
 *(.RamFunc*)
                0x2000008c                . = ALIGN (0x4)
                0x2000008c                _edata = .

.igot.plt       0x2000008c        0x0 load address 0x08004764
 .igot.plt      0x2000008c        0x0 c:/users/cmsma/appdata/local/arduino15/packages/stmicroelectronics/tools/xpack-arm-none-eabi-gcc/9.3.1-1.3/bin/../lib/gcc/arm-none-eabi/9.3.1/thumb/v7-m/nofp/crtbegin.o
                0x2000008c                . = ALIGN (0x4)

.bss            0x2000008c      0x554 load address 0x08004764
                0x2000008c                _sbss = .
                0x2000008c                __bss_start__ = _sbss
 *(.bss)
 *(.bss*)
 .bss.completed.8914
                0x2000008c        0x1 c:/users/cmsma/appdata/local/arduino15/packages/stmicroelectronics/tools/xpack-arm-none-eabi-gcc/9.3.1-1.3/bin/../lib/gcc/arm-none-eabi/9.3.1/thumb/v7-m/nofp/crtbegin.o
 *fill*         0x2000008d        0x3 
 .bss.object.8919
                0x20000090       0x18 c:/users/cmsma/appdata/local/arduino15/packages/stmicroelectronics/tools/xpack-arm-none-eabi-gcc/9.3.1-1.3/bin/../lib/gcc/arm-none-eabi/9.3.1/thumb/v7-m/nofp/crtbegin.o
 .bss.Horiz     0x200000a8       0x18 D:\文件\MakeNtu\output\sketch\STM32Main.ino.cpp.o
                0x200000a8                Horiz
 .bss.Lower     0x200000c0       0x18 D:\文件\MakeNtu\output\sketch\STM32Main.ino.cpp.o
                0x200000c0                Lower
 .bss.Slave     0x200000d8      0x108 D:\文件\MakeNtu\output\sketch\STM32Main.ino.cpp.o
                0x200000d8                Slave
 .bss.Upper     0x200001e0       0x18 D:\文件\MakeNtu\output\sketch\STM32Main.ino.cpp.o
                0x200001e0                Upper
 .bss.buttons   0x200001f8        0x4 D:\文件\MakeNtu\output\sketch\STM32Main.ino.cpp.o
                0x200001f8                buttons
 .bss.lcd       0x200001fc       0x1c D:\文件\MakeNtu\output\sketch\STM32Main.ino.cpp.o
                0x200001fc                lcd
 .bss.queue     0x20000218       0x1c D:\文件\MakeNtu\output\sketch\STM32Main.ino.cpp.o
                0x20000218                queue
 .bss.CumulativeCountSinceRefresh
                0x20000234        0x4 D:\文件\MakeNtu\output\libraries\Servo\stm32\Servo.cpp.o
                0x20000234                CumulativeCountSinceRefresh
 .bss.ServoCount
                0x20000238        0x1 D:\文件\MakeNtu\output\libraries\Servo\stm32\Servo.cpp.o
                0x20000238                ServoCount
 *fill*         0x20000239        0x3 
 .bss._ZL10TimerServo
                0x2000023c       0xb0 D:\文件\MakeNtu\output\libraries\Servo\stm32\Servo.cpp.o
 .bss._ZL6servos
                0x200002ec       0x60 D:\文件\MakeNtu\output\libraries\Servo\stm32\Servo.cpp.o
 .bss.uart_handlers
                0x2000034c        0xc D:\文件\MakeNtu\output\libraries\SrcWrapper\stm32\uart.c.o
 .bss._ZL13gpio_irq_conf
                0x20000358      0x140 D:\文件\MakeNtu\output\libraries\SrcWrapper\stm32\interrupt.cpp.o
 .bss.Serial1   0x20000498      0x108 D:\文件\MakeNtu\output\core\core.a(HardwareSerial.cpp.o)
                0x20000498                Serial1
 .bss.HardwareTimer_Handle
                0x200005a0       0x10 D:\文件\MakeNtu\output\core\core.a(HardwareTimer.cpp.o)
                0x200005a0                HardwareTimer_Handle
 .bss.g_anOutputPinConfigured
                0x200005b0       0x14 D:\文件\MakeNtu\output\core\core.a(wiring_analog.c.o)
                0x200005b0                g_anOutputPinConfigured
 .bss.__malloc_free_list
                0x200005c4        0x4 c:/users/cmsma/appdata/local/arduino15/packages/stmicroelectronics/tools/xpack-arm-none-eabi-gcc/9.3.1-1.3/bin/../lib/gcc/arm-none-eabi/9.3.1/../../../../arm-none-eabi/lib/thumb/v7-m/nofp\libc_nano.a(lib_a-nano-mallocr.o)
                0x200005c4                __malloc_free_list
 .bss.__malloc_sbrk_start
                0x200005c8        0x4 c:/users/cmsma/appdata/local/arduino15/packages/stmicroelectronics/tools/xpack-arm-none-eabi-gcc/9.3.1-1.3/bin/../lib/gcc/arm-none-eabi/9.3.1/../../../../arm-none-eabi/lib/thumb/v7-m/nofp\libc_nano.a(lib_a-nano-mallocr.o)
                0x200005c8                __malloc_sbrk_start
 *(COMMON)
 COMMON         0x200005cc        0x4 D:\文件\MakeNtu\output\libraries\SrcWrapper\HAL\stm32yyxx_hal.c.o
                0x200005cc                uwTick
 COMMON         0x200005d0        0x4 c:/users/cmsma/appdata/local/arduino15/packages/stmicroelectronics/tools/xpack-arm-none-eabi-gcc/9.3.1-1.3/bin/../lib/gcc/arm-none-eabi/9.3.1/../../../../arm-none-eabi/lib/thumb/v7-m/nofp\libc_nano.a(lib_a-reent.o)
                0x200005d0                errno
 COMMON         0x200005d4        0x9 c:/users/cmsma/appdata/local/arduino15/packages/stmicroelectronics/tools/xpack-arm-none-eabi-gcc/9.3.1-1.3/bin/../lib/gcc/arm-none-eabi/9.3.1/../../../../arm-none-eabi/lib/thumb/v7-m/nofp\libc_nano.a(lib_a-lock.o)
                0x200005d4                __lock___atexit_recursive_mutex
                0x200005d5                __lock___arc4random_mutex
                0x200005d6                __lock___env_recursive_mutex
                0x200005d7                __lock___sinit_recursive_mutex
                0x200005d8                __lock___malloc_recursive_mutex
                0x200005d9                __lock___at_quick_exit_mutex
                0x200005da                __lock___dd_hash_mutex
                0x200005db                __lock___tz_mutex
                0x200005dc                __lock___sfp_recursive_mutex
                0x200005e0                . = ALIGN (0x4)
 *fill*         0x200005dd        0x3 
                0x200005e0                _ebss = .
                0x200005e0                __bss_end__ = _ebss
LOAD c:/users/cmsma/appdata/local/arduino15/packages/stmicroelectronics/tools/xpack-arm-none-eabi-gcc/9.3.1-1.3/bin/../lib/gcc/arm-none-eabi/9.3.1/thumb/v7-m/nofp/crti.o
LOAD c:/users/cmsma/appdata/local/arduino15/packages/stmicroelectronics/tools/xpack-arm-none-eabi-gcc/9.3.1-1.3/bin/../lib/gcc/arm-none-eabi/9.3.1/thumb/v7-m/nofp/crtbegin.o
LOAD c:/users/cmsma/appdata/local/arduino15/packages/stmicroelectronics/tools/xpack-arm-none-eabi-gcc/9.3.1-1.3/bin/../lib/gcc/arm-none-eabi/9.3.1/../../../../arm-none-eabi/lib/thumb/v7-m/nofp/crt0.o
                0x00000000                LD_FLASH_OFFSET = 0x0
                0x00010000                LD_MAX_SIZE = 0x10000
                0x00005000                LD_MAX_DATA_SIZE = 0x5000

.noinit         0x200005e0        0x0
                0x200005e0                . = ALIGN (0x4)
                0x200005e0                _snoinit = .
 *(.noinit)
 *(.noinit*)
                0x200005e0                . = ALIGN (0x4)
                0x200005e0                _enoinit = .

._user_heap_stack
                0x200005e0      0x600
                0x200005e0                . = ALIGN (0x8)
                [!provide]                PROVIDE (end = .)
                0x200005e0                PROVIDE (_end = .)
                0x200007e0                . = (. + _Min_Heap_Size)
 *fill*         0x200005e0      0x200 
                0x20000be0                . = (. + _Min_Stack_Size)
 *fill*         0x200007e0      0x400 
                0x20000be0                . = ALIGN (0x8)

/DISCARD/
 libc.a(*)
 libm.a(*)
 libgcc.a(*)

.ARM.attributes
                0x00000000       0x29
 *(.ARM.attributes)
 .ARM.attributes
                0x00000000       0x1d c:/users/cmsma/appdata/local/arduino15/packages/stmicroelectronics/tools/xpack-arm-none-eabi-gcc/9.3.1-1.3/bin/../lib/gcc/arm-none-eabi/9.3.1/thumb/v7-m/nofp/crti.o
 .ARM.attributes
                0x0000001d       0x2d c:/users/cmsma/appdata/local/arduino15/packages/stmicroelectronics/tools/xpack-arm-none-eabi-gcc/9.3.1-1.3/bin/../lib/gcc/arm-none-eabi/9.3.1/thumb/v7-m/nofp/crtbegin.o
 .ARM.attributes
                0x0000004a       0x2d D:\文件\MakeNtu\output\sketch\STM32Main.ino.cpp.o
 .ARM.attributes
                0x00000077       0x2d D:\文件\MakeNtu\output\libraries\LiquidCrystal\LiquidCrystal.cpp.o
 .ARM.attributes
                0x000000a4       0x2d D:\文件\MakeNtu\output\libraries\Servo\stm32\Servo.cpp.o
 .ARM.attributes
                0x000000d1       0x2d D:\文件\MakeNtu\output\libraries\SrcWrapper\syscalls.c.o
 .ARM.attributes
                0x000000fe       0x2d D:\文件\MakeNtu\output\libraries\SrcWrapper\HAL\stm32yyxx_hal.c.o
 .ARM.attributes
                0x0000012b       0x2d D:\文件\MakeNtu\output\libraries\SrcWrapper\HAL\stm32yyxx_hal_cortex.c.o
 .ARM.attributes
                0x00000158       0x2d D:\文件\MakeNtu\output\libraries\SrcWrapper\HAL\stm32yyxx_hal_dma.c.o
 .ARM.attributes
                0x00000185       0x2d D:\文件\MakeNtu\output\libraries\SrcWrapper\HAL\stm32yyxx_hal_gpio.c.o
 .ARM.attributes
                0x000001b2       0x2d D:\文件\MakeNtu\output\libraries\SrcWrapper\HAL\stm32yyxx_hal_rcc.c.o
 .ARM.attributes
                0x000001df       0x2d D:\文件\MakeNtu\output\libraries\SrcWrapper\HAL\stm32yyxx_hal_rcc_ex.c.o
 .ARM.attributes
                0x0000020c       0x2d D:\文件\MakeNtu\output\libraries\SrcWrapper\HAL\stm32yyxx_hal_tim.c.o
 .ARM.attributes
                0x00000239       0x2d D:\文件\MakeNtu\output\libraries\SrcWrapper\HAL\stm32yyxx_hal_tim_ex.c.o
 .ARM.attributes
                0x00000266       0x2d D:\文件\MakeNtu\output\libraries\SrcWrapper\HAL\stm32yyxx_hal_uart.c.o
 .ARM.attributes
                0x00000293       0x2d D:\文件\MakeNtu\output\libraries\SrcWrapper\stm32\PortNames.c.o
 .ARM.attributes
                0x000002c0       0x2d D:\文件\MakeNtu\output\libraries\SrcWrapper\stm32\clock.c.o
 .ARM.attributes
                0x000002ed       0x2d D:\文件\MakeNtu\output\libraries\SrcWrapper\stm32\dwt.c.o
 .ARM.attributes
                0x0000031a       0x2d D:\文件\MakeNtu\output\libraries\SrcWrapper\stm32\hw_config.c.o
 .ARM.attributes
                0x00000347       0x2d D:\文件\MakeNtu\output\libraries\SrcWrapper\stm32\pinmap.c.o
 .ARM.attributes
                0x00000374       0x2d D:\文件\MakeNtu\output\libraries\SrcWrapper\stm32\stm32_def.c.o
 .ARM.attributes
                0x000003a1       0x2d D:\文件\MakeNtu\output\libraries\SrcWrapper\stm32\system_stm32yyxx.c.o
 .ARM.attributes
                0x000003ce       0x2d D:\文件\MakeNtu\output\libraries\SrcWrapper\stm32\timer.c.o
 .ARM.attributes
                0x000003fb       0x2d D:\文件\MakeNtu\output\libraries\SrcWrapper\stm32\uart.c.o
 .ARM.attributes
                0x00000428       0x2d D:\文件\MakeNtu\output\libraries\SrcWrapper\stm32\analog.cpp.o
 .ARM.attributes
                0x00000455       0x2d D:\文件\MakeNtu\output\libraries\SrcWrapper\stm32\interrupt.cpp.o
 .ARM.attributes
                0x00000482       0x21 D:\文件\MakeNtu\output\core\startup_M200_f103xb.S.o
 .ARM.attributes
                0x000004a3       0x33 D:\文件\MakeNtu\output\core\PeripheralPins.c.o
 .ARM.attributes
                0x000004d6       0x2d D:\文件\MakeNtu\output\core\variant_PILL_F103Cx.cpp.o
 .ARM.attributes
                0x00000503       0x2d D:\文件\MakeNtu\output\core\core.a(wiring_digital.c.o)
 .ARM.attributes
                0x00000530       0x2d D:\文件\MakeNtu\output\core\core.a(wiring_time.c.o)
 .ARM.attributes
                0x0000055d       0x2d D:\文件\MakeNtu\output\core\core.a(HardwareSerial.cpp.o)
 .ARM.attributes
                0x0000058a       0x2d D:\文件\MakeNtu\output\core\core.a(HardwareTimer.cpp.o)
 .ARM.attributes
                0x000005b7       0x2d D:\文件\MakeNtu\output\core\core.a(Print.cpp.o)
 .ARM.attributes
                0x000005e4       0x2d D:\文件\MakeNtu\output\core\core.a(Stream.cpp.o)
 .ARM.attributes
                0x00000611       0x2d D:\文件\MakeNtu\output\core\core.a(WMath.cpp.o)
 .ARM.attributes
                0x0000063e       0x2d D:\文件\MakeNtu\output\core\core.a(main.cpp.o)
 .ARM.attributes
                0x0000066b       0x2d D:\文件\MakeNtu\output\core\core.a(new.cpp.o)
 .ARM.attributes
                0x00000698       0x2d D:\文件\MakeNtu\output\core\core.a(board.c.o)
 .ARM.attributes
                0x000006c5       0x2d D:\文件\MakeNtu\output\core\core.a(hooks.c.o)
 .ARM.attributes
                0x000006f2       0x2d D:\文件\MakeNtu\output\core\core.a(wiring_analog.c.o)
 .ARM.attributes